Archive member included to satisfy reference by file (symbol)

C:/ProgramData/MATLAB/SupportPackages/R2020a/3P.instrset/cmsis.instrset/CMSIS/RTOS/RTX/LIB/GCC/libRTX_CM4.a(rt_cmsis.o)
                              RTX_Conf_CM.o (osKernelInitialize)
C:/ProgramData/MATLAB/SupportPackages/R2020a/3P.instrset/cmsis.instrset/CMSIS/RTOS/RTX/LIB/GCC/libRTX_CM4.a(hal_cm.o)
                              C:/ProgramData/MATLAB/SupportPackages/R2020a/3P.instrset/cmsis.instrset/CMSIS/RTOS/RTX/LIB/GCC/libRTX_CM4.a(rt_cmsis.o) (rt_ret_val)
C:/ProgramData/MATLAB/SupportPackages/R2020a/3P.instrset/cmsis.instrset/CMSIS/RTOS/RTX/LIB/GCC/libRTX_CM4.a(rt_memory.o)
                              C:/ProgramData/MATLAB/SupportPackages/R2020a/3P.instrset/cmsis.instrset/CMSIS/RTOS/RTX/LIB/GCC/libRTX_CM4.a(rt_cmsis.o) (rt_init_mem)
C:/ProgramData/MATLAB/SupportPackages/R2020a/3P.instrset/cmsis.instrset/CMSIS/RTOS/RTX/LIB/GCC/libRTX_CM4.a(rt_membox.o)
                              C:/ProgramData/MATLAB/SupportPackages/R2020a/3P.instrset/cmsis.instrset/CMSIS/RTOS/RTX/LIB/GCC/libRTX_CM4.a(rt_cmsis.o) (_init_box)
C:/ProgramData/MATLAB/SupportPackages/R2020a/3P.instrset/cmsis.instrset/CMSIS/RTOS/RTX/LIB/GCC/libRTX_CM4.a(rt_mutex.o)
                              C:/ProgramData/MATLAB/SupportPackages/R2020a/3P.instrset/cmsis.instrset/CMSIS/RTOS/RTX/LIB/GCC/libRTX_CM4.a(rt_cmsis.o) (rt_mut_init)
C:/ProgramData/MATLAB/SupportPackages/R2020a/3P.instrset/cmsis.instrset/CMSIS/RTOS/RTX/LIB/GCC/libRTX_CM4.a(rt_time.o)
                              C:/ProgramData/MATLAB/SupportPackages/R2020a/3P.instrset/cmsis.instrset/CMSIS/RTOS/RTX/LIB/GCC/libRTX_CM4.a(rt_cmsis.o) (os_time)
C:/ProgramData/MATLAB/SupportPackages/R2020a/3P.instrset/cmsis.instrset/CMSIS/RTOS/RTX/LIB/GCC/libRTX_CM4.a(rt_semaphore.o)
                              C:/ProgramData/MATLAB/SupportPackages/R2020a/3P.instrset/cmsis.instrset/CMSIS/RTOS/RTX/LIB/GCC/libRTX_CM4.a(rt_cmsis.o) (rt_sem_init)
C:/ProgramData/MATLAB/SupportPackages/R2020a/3P.instrset/cmsis.instrset/CMSIS/RTOS/RTX/LIB/GCC/libRTX_CM4.a(rt_mailbox.o)
                              C:/ProgramData/MATLAB/SupportPackages/R2020a/3P.instrset/cmsis.instrset/CMSIS/RTOS/RTX/LIB/GCC/libRTX_CM4.a(rt_cmsis.o) (rt_mbx_init)
C:/ProgramData/MATLAB/SupportPackages/R2020a/3P.instrset/cmsis.instrset/CMSIS/RTOS/RTX/LIB/GCC/libRTX_CM4.a(rt_list.o)
                              C:/ProgramData/MATLAB/SupportPackages/R2020a/3P.instrset/cmsis.instrset/CMSIS/RTOS/RTX/LIB/GCC/libRTX_CM4.a(rt_cmsis.o) (rt_put_prio)
C:/ProgramData/MATLAB/SupportPackages/R2020a/3P.instrset/cmsis.instrset/CMSIS/RTOS/RTX/LIB/GCC/libRTX_CM4.a(rt_event.o)
                              C:/ProgramData/MATLAB/SupportPackages/R2020a/3P.instrset/cmsis.instrset/CMSIS/RTOS/RTX/LIB/GCC/libRTX_CM4.a(rt_cmsis.o) (rt_evt_wait)
C:/ProgramData/MATLAB/SupportPackages/R2020a/3P.instrset/cmsis.instrset/CMSIS/RTOS/RTX/LIB/GCC/libRTX_CM4.a(rt_system.o)
                              C:/ProgramData/MATLAB/SupportPackages/R2020a/3P.instrset/cmsis.instrset/CMSIS/RTOS/RTX/LIB/GCC/libRTX_CM4.a(rt_cmsis.o) (rt_suspend)
C:/ProgramData/MATLAB/SupportPackages/R2020a/3P.instrset/cmsis.instrset/CMSIS/RTOS/RTX/LIB/GCC/libRTX_CM4.a(rt_task.o)
                              C:/ProgramData/MATLAB/SupportPackages/R2020a/3P.instrset/cmsis.instrset/CMSIS/RTOS/RTX/LIB/GCC/libRTX_CM4.a(rt_system.o) (rt_switch_req)
C:/ProgramData/MATLAB/SupportPackages/R2020a/3P.instrset/cmsis.instrset/CMSIS/RTOS/RTX/LIB/GCC/libRTX_CM4.a(hal_cm4.o)
                              C:/ProgramData/MATLAB/SupportPackages/R2020a/3P.instrset/cmsis.instrset/CMSIS/RTOS/RTX/LIB/GCC/libRTX_CM4.a(rt_task.o) (rt_get_PSP)
C:/ProgramData/MATLAB/SupportPackages/R2020a/3P.instrset/cmsis.instrset/CMSIS/RTOS/RTX/LIB/GCC/libRTX_CM4.a(svc_table.o)
                              C:/ProgramData/MATLAB/SupportPackages/R2020a/3P.instrset/cmsis.instrset/CMSIS/RTOS/RTX/LIB/GCC/libRTX_CM4.a(hal_cm4.o) (SVC_Table)
C:/ProgramData/MATLAB/SupportPackages/R2020a/3P.instrset/cmsis.instrset/CMSIS/RTOS/RTX/LIB/GCC/libRTX_CM4.a(rt_robin.o)
                              C:/ProgramData/MATLAB/SupportPackages/R2020a/3P.instrset/cmsis.instrset/CMSIS/RTOS/RTX/LIB/GCC/libRTX_CM4.a(rt_system.o) (os_robin)
C:/ProgramData/MATLAB/SupportPackages/R2020a/toolbox/target/supportpackages/freedomk64f/src/ksdk_armgcc_lib/bm/libksdk_platform.a(fsl_os_abstraction_bm.o)
                              MW_SCI.o (OSA_SemaPost)
C:/ProgramData/MATLAB/SupportPackages/R2020a/toolbox/target/supportpackages/freedomk64f/src/ksdk_armgcc_lib/bm/libksdk_platform.a(fsl_clock_manager.o)
                              board.o (CLOCK_SYS_OscInit)
C:/ProgramData/MATLAB/SupportPackages/R2020a/toolbox/target/supportpackages/freedomk64f/src/ksdk_armgcc_lib/bm/libksdk_platform.a(fsl_clock_manager_common.o)
                              C:/ProgramData/MATLAB/SupportPackages/R2020a/toolbox/target/supportpackages/freedomk64f/src/ksdk_armgcc_lib/bm/libksdk_platform.a(fsl_clock_manager.o) (g_oscBase)
[...]
Memory Configuration

Name             Origin             Length             Attributes
m_interrupts     0x00000000         0x00000400         xr
m_flash_config   0x00000400         0x00000010         xr
m_text           0x00000410         0x000ffbf0         xr
m_data_2         0x1fff0000         0x00010000         rw
m_data           0x20000000         0x00030000         rw
*default*        0x00000000         0xffffffff

Linker script and memory map

LOAD c:/progra~3/matlab/suppor~1/r2020a/3p778c~1.ins/gnuarm~1.ins/win/bin/../lib/gcc/arm-none-eabi/7.2.1/thumb/v7e-m/fpv4-sp/hard/crti.o
LOAD c:/progra~3/matlab/suppor~1/r2020a/3p778c~1.ins/gnuarm~1.ins/win/bin/../lib/gcc/arm-none-eabi/7.2.1/thumb/v7e-m/fpv4-sp/hard/crtbegin.o
LOAD c:/progra~3/matlab/suppor~1/r2020a/3p778c~1.ins/gnuarm~1.ins/win/bin/../lib/gcc/arm-none-eabi/7.2.1/../../../../arm-none-eabi/lib/thumb/v7e-m/fpv4-sp/hard/crt0.o
LOAD MW_SCI.o
LOAD MW_digitalIO.o
LOAD RTX_Conf_CM.o
LOAD board.o
LOAD cmsis_rtos_init.o
LOAD ert_main.o
LOAD fsl_edma_irq.o
LOAD fsl_misc_utilities.o
LOAD fsl_uart_irq.o
LOAD hardware_init.o
LOAD irq_stub.o
LOAD mw_sdk_interface.o
LOAD mw_semaphore.o
LOAD mw_signal.o
LOAD mw_thread.o
LOAD mw_timer.o
LOAD pacemaker.o
LOAD pacemaker_data.o
LOAD pin_mux.o
LOAD sbrk.o
LOAD send_params.o
LOAD startup.o
LOAD startup_MK64F12.o
LOAD system_MK64F12.o
LOAD C:/ProgramData/MATLAB/SupportPackages/R2020a/3P.instrset/cmsis.instrset/CMSIS/Lib/GCC/libarm_cortexM4lf_math.a
LOAD C:/ProgramData/MATLAB/SupportPackages/R2020a/3P.instrset/cmsis.instrset/CMSIS/RTOS/RTX/LIB/GCC/libRTX_CM4.a
LOAD C:/ProgramData/MATLAB/SupportPackages/R2020a/toolbox/target/supportpackages/freedomk64f/src/ksdk_armgcc_lib/bm/libksdk_platform.a
LOAD c:/progra~3/matlab/suppor~1/r2020a/3p778c~1.ins/gnuarm~1.ins/win/bin/../lib/gcc/arm-none-eabi/7.2.1/../../../../arm-none-eabi/lib/thumb/v7e-m/fpv4-sp/hard\libstdc++.a
LOAD c:/progra~3/matlab/suppor~1/r2020a/3p778c~1.ins/gnuarm~1.ins/win/bin/../lib/gcc/arm-none-eabi/7.2.1/../../../../arm-none-eabi/lib/thumb/v7e-m/fpv4-sp/hard\libm.a
START GROUP
LOAD c:/progra~3/matlab/suppor~1/r2020a/3p778c~1.ins/gnuarm~1.ins/win/bin/../lib/gcc/arm-none-eabi/7.2.1/thumb/v7e-m/fpv4-sp/hard\libgcc.a
LOAD c:/progra~3/matlab/suppor~1/r2020a/3p778c~1.ins/gnuarm~1.ins/win/bin/../lib/gcc/arm-none-eabi/7.2.1/../../../../arm-none-eabi/lib/thumb/v7e-m/fpv4-sp/hard\libg.a
LOAD c:/progra~3/matlab/suppor~1/r2020a/3p778c~1.ins/gnuarm~1.ins/win/bin/../lib/gcc/arm-none-eabi/7.2.1/../../../../arm-none-eabi/lib/thumb/v7e-m/fpv4-sp/hard\libc.a
END GROUP
START GROUP
LOAD c:/progra~3/matlab/suppor~1/r2020a/3p778c~1.ins/gnuarm~1.ins/win/bin/../lib/gcc/arm-none-eabi/7.2.1/thumb/v7e-m/fpv4-sp/hard\libgcc.a
LOAD c:/progra~3/matlab/suppor~1/r2020a/3p778c~1.ins/gnuarm~1.ins/win/bin/../lib/gcc/arm-none-eabi/7.2.1/../../../../arm-none-eabi/lib/thumb/v7e-m/fpv4-sp/hard\libc.a
LOAD c:/progra~3/matlab/suppor~1/r2020a/3p778c~1.ins/gnuarm~1.ins/win/bin/../lib/gcc/arm-none-eabi/7.2.1/../../../../arm-none-eabi/lib/thumb/v7e-m/fpv4-sp/hard\libnosys.a
END GROUP
LOAD c:/progra~3/matlab/suppor~1/r2020a/3p778c~1.ins/gnuarm~1.ins/win/bin/../lib/gcc/arm-none-eabi/7.2.1/thumb/v7e-m/fpv4-sp/hard/crtend.o
LOAD c:/progra~3/matlab/suppor~1/r2020a/3p778c~1.ins/gnuarm~1.ins/win/bin/../lib/gcc/arm-none-eabi/7.2.1/thumb/v7e-m/fpv4-sp/hard/crtn.o
                0x00000400                HEAP_SIZE = DEFINED (__heap_size__)?__heap_size__:0x400
                0x00000400                STACK_SIZE = DEFINED (__stack_size__)?__stack_size__:0x400
                0x00000000                M_VECTOR_RAM_SIZE = DEFINED (__ram_vector_table__)?0x400:0x0

.interrupts     0x00000000      0x400
                0x00000000                __VECTOR_TABLE = .
                0x00000000                . = ALIGN (0x4)
 *(.isr_vector)
 .isr_vector    0x00000000      0x400 startup_MK64F12.o
                0x00000000                __isr_vector
                0x00000400                . = ALIGN (0x4)

.flash_config   0x00000400       0x10
                0x00000400                . = ALIGN (0x4)
 *(.FlashConfig)
 .FlashConfig   0x00000400       0x10 startup_MK64F12.o
                0x00000410                . = ALIGN (0x4)

.text           0x00000440     0xa454
                0x00000440                . = ALIGN (0x4)
 *(.text)
 .text          0x00000440       0x40 c:/progra~3/matlab/suppor~1/r2020a/3p778c~1.ins/gnuarm~1.ins/win/bin/../lib/gcc/arm-none-eabi/7.2.1/thumb/v7e-m/fpv4-sp/hard/crtbegin.o
 .text          0x00000480       0x74 c:/progra~3/matlab/suppor~1/r2020a/3p778c~1.ins/gnuarm~1.ins/win/bin/../lib/gcc/arm-none-eabi/7.2.1/../../../../arm-none-eabi/lib/thumb/v7e-m/fpv4-sp/hard/crt0.o
                0x00000480                _start
                0x00000480                _mainCRTStartup
 .text          0x000004f4       0x14 startup_MK64F12.o
                0x000004f4                Reset_Handler
                0x00000504                ENET_Receive_IRQHandler
                0x00000504                ENET_1588_Timer_IRQHandler
                0x00000504                DefaultISR
                0x00000504                PIT2_IRQHandler
                0x00000504                PIT0_IRQHandler
                0x00000504                ENET_Error_IRQHandler
                0x00000504                PIT3_IRQHandler
                0x00000504                SDHC_IRQHandler
                0x00000504                ENET_Transmit_IRQHandler
                0x00000504                PIT1_IRQHandler
 .text          0x00000508      0x198 C:/ProgramData/MATLAB/SupportPackages/R2020a/3P.instrset/cmsis.instrset/CMSIS/RTOS/RTX/LIB/GCC/libRTX_CM4.a(hal_cm4.o)
                0x00000508                rt_set_PSP
                0x0000050e                rt_get_PSP
                0x00000514                os_set_env
                0x0000052c                _alloc_box
                0x00000548                _free_box
                0x00000564                SVC_Handler
                0x0000060a                PendSV_Handler
                0x00000610                Sys_Switch
                0x0000066a                SysTick_Handler
                0x00000674                OS_Tick_Handler
 .text          0x000006a0      0x110 c:/progra~3/matlab/suppor~1/r2020a/3p778c~1.ins/gnuarm~1.ins/win/bin/../lib/gcc/arm-none-eabi/7.2.1/thumb/v7e-m/fpv4-sp/hard\libgcc.a(_arm_cmpdf2.o)
                0x000006a0                __gtdf2
                0x000006a0                __gedf2
                0x000006a8                __ltdf2
                0x000006a8                __ledf2
                0x000006b0                __nedf2
                0x000006b0                __eqdf2
                0x000006b0                __cmpdf2
                0x0000072c                __aeabi_cdrcmple
                0x0000073c                __aeabi_cdcmpeq
                0x0000073c                __aeabi_cdcmple
                0x0000074c                __aeabi_dcmpeq
                0x00000760                __aeabi_dcmplt
                0x00000774                __aeabi_dcmple
                0x00000788                __aeabi_dcmpge
                0x0000079c                __aeabi_dcmpgt
 .text          0x000007b0       0x30 c:/progra~3/matlab/suppor~1/r2020a/3p778c~1.ins/gnuarm~1.ins/win/bin/../lib/gcc/arm-none-eabi/7.2.1/thumb/v7e-m/fpv4-sp/hard\libgcc.a(_aeabi_uldivmod.o)
                0x000007b0                __aeabi_uldivmod
 .text          0x000007e0      0x2cc c:/progra~3/matlab/suppor~1/r2020a/3p778c~1.ins/gnuarm~1.ins/win/bin/../lib/gcc/arm-none-eabi/7.2.1/thumb/v7e-m/fpv4-sp/hard\libgcc.a(_udivmoddi4.o)
                0x000007e0                __udivmoddi4
 .text          0x00000aac      0x9ec c:/progra~3/matlab/suppor~1/r2020a/3p778c~1.ins/gnuarm~1.ins/win/bin/../lib/gcc/arm-none-eabi/7.2.1/thumb/v7e-m/fpv4-sp/hard\libgcc.a(unwind-arm.o)
                0x00000d60                _Unwind_GetCFA
                0x00000d64                __gnu_Unwind_RaiseException
                0x00000dc4                __gnu_Unwind_ForcedUnwind
                0x00000dd8                __gnu_Unwind_Resume
                0x00000e1c                __gnu_Unwind_Resume_or_Rethrow
                0x00000e2c                _Unwind_Complete
                0x00000e30                _Unwind_DeleteException
                0x00000e3c                _Unwind_VRS_Get
                0x00000e80                _Unwind_VRS_Set
                0x00000ec8                __gnu_Unwind_Backtrace
                0x0000120c                __aeabi_unwind_cpp_pr0
                0x00001210                __aeabi_unwind_cpp_pr1
                0x00001214                __aeabi_unwind_cpp_pr2
                0x00001218                _Unwind_VRS_Pop
 .text          0x00001498      0x1ac c:/progra~3/matlab/suppor~1/r2020a/3p778c~1.ins/gnuarm~1.ins/win/bin/../lib/gcc/arm-none-eabi/7.2.1/thumb/v7e-m/fpv4-sp/hard\libgcc.a(libunwind.o)
                0x00001498                __restore_core_regs
                0x00001498                restore_core_regs
                0x000014b0                __gnu_Unwind_Restore_VFP
                0x000014b8                __gnu_Unwind_Save_VFP
                0x000014c0                __gnu_Unwind_Restore_VFP_D
                0x000014c8                __gnu_Unwind_Save_VFP_D
                0x000014d0                __gnu_Unwind_Restore_VFP_D_16_to_31
                0x000014d8                __gnu_Unwind_Save_VFP_D_16_to_31
                0x000014e0                __gnu_Unwind_Restore_WMMXD
                0x00001524                __gnu_Unwind_Save_WMMXD
                0x00001568                __gnu_Unwind_Restore_WMMXC
                0x0000157c                __gnu_Unwind_Save_WMMXC
                0x00001590                ___Unwind_RaiseException
                0x00001590                _Unwind_RaiseException
                0x000015b4                _Unwind_Resume
                0x000015b4                ___Unwind_Resume
                0x000015d8                _Unwind_Resume_or_Rethrow
                0x000015d8                ___Unwind_Resume_or_Rethrow
                0x000015fc                _Unwind_ForcedUnwind
                0x000015fc                ___Unwind_ForcedUnwind
                0x00001620                ___Unwind_Backtrace
                0x00001620                _Unwind_Backtrace
 .text          0x00001644      0x374 c:/progra~3/matlab/suppor~1/r2020a/3p778c~1.ins/gnuarm~1.ins/win/bin/../lib/gcc/arm-none-eabi/7.2.1/thumb/v7e-m/fpv4-sp/hard\libgcc.a(pr-support.o)
                0x0000169c                __gnu_unwind_execute
                0x00001960                __gnu_unwind_frame
                0x00001988                _Unwind_GetRegionStart
                0x00001994                _Unwind_GetLanguageSpecificData
                0x000019a8                _Unwind_GetDataRelBase
                0x000019b0                _Unwind_GetTextRelBase
 .text          0x000019b8        0x4 c:/progra~3/matlab/suppor~1/r2020a/3p778c~1.ins/gnuarm~1.ins/win/bin/../lib/gcc/arm-none-eabi/7.2.1/thumb/v7e-m/fpv4-sp/hard\libgcc.a(_dvmd_tls.o)
                0x000019b8                __aeabi_idiv0
                0x000019b8                __aeabi_ldiv0
 .text          0x000019bc      0x134 c:/progra~3/matlab/suppor~1/r2020a/3p778c~1.ins/gnuarm~1.ins/win/bin/../lib/gcc/arm-none-eabi/7.2.1/../../../../arm-none-eabi/lib/thumb/v7e-m/fpv4-sp/hard\libg.a(lib_a-memcpy.o)
                0x000019bc                memcpy
 .text          0x00001af0       0xa0 c:/progra~3/matlab/suppor~1/r2020a/3p778c~1.ins/gnuarm~1.ins/win/bin/../lib/gcc/arm-none-eabi/7.2.1/../../../../arm-none-eabi/lib/thumb/v7e-m/fpv4-sp/hard\libg.a(lib_a-memchr.o)
                0x00001af0                memchr
 *fill*         0x00001b90       0x30 
 .text          0x00001bc0       0xdc c:/progra~3/matlab/suppor~1/r2020a/3p778c~1.ins/gnuarm~1.ins/win/bin/../lib/gcc/arm-none-eabi/7.2.1/../../../../arm-none-eabi/lib/thumb/v7e-m/fpv4-sp/hard\libg.a(lib_a-strlen.o)
                0x00001bc0                strlen
 *(.text*)
 .text.EDMA_HAL_HTCDSetDestAddr
                0x00001c9c       0x48 MW_SCI.o
 .text.EDMA_HAL_HTCDSetIntCmd
                0x00001ce4       0x54 MW_SCI.o
 .text.MW_SCI_Open
                0x00001d38      0x5ac MW_SCI.o
                0x00001d38                MW_SCI_Open
 .text.MW_SCI_SetBaudrate
                0x000022e4       0x18 MW_SCI.o
                0x000022e4                MW_SCI_SetBaudrate
 .text.MW_SCI_SetFrameFormat
                0x000022fc       0x28 MW_SCI.o
                0x000022fc                MW_SCI_SetFrameFormat
 .text.MW_SCI_Receive
                0x00002324       0xa4 MW_SCI.o
                0x00002324                MW_SCI_Receive
 .text.MW_SCI_Transmit
                0x000023c8       0x80 MW_SCI.o
                0x000023c8                MW_SCI_Transmit
 .text.MW_SCI_Close
                0x00002448       0x14 MW_SCI.o
                0x00002448                MW_SCI_Close
 .text.MW_UART_DRV_EdmaStartReceiveData
                0x0000245c       0xac MW_SCI.o
 .text.MW_UART_DRV_EdmaRxCallback
                0x00002508       0x1c MW_SCI.o
 .text.MW_UART_DRV_EdmaCompleteReceiveData
                0x00002524      0x124 MW_SCI.o
 .text.MW_digitalIO_open
                0x00002648       0xe0 MW_digitalIO.o
                0x00002648                MW_digitalIO_open
 .text.MW_digitalIO_write
                0x00002728       0x7e MW_digitalIO.o
                0x00002728                MW_digitalIO_write
 .text.MW_digitalIO_close
                0x000027a6       0x3c MW_digitalIO.o
                0x000027a6                MW_digitalIO_close
 .text.os_idle_demon
                0x000027e2        0x6 RTX_Conf_CM.o
                0x000027e2                os_idle_demon
 .text.os_error
                0x000027e8       0x2c RTX_Conf_CM.o
                0x000027e8                os_error
 .text.rt_init_robin
                0x00002814        0x2 RTX_Conf_CM.o
                0x00002814                rt_init_robin
 .text.rt_chk_robin
                0x00002816        0x2 RTX_Conf_CM.o
                0x00002816                rt_chk_robin
 .text.software_init_hook
                0x00002818       0x34 RTX_Conf_CM.o
                0x00002818                software_init_hook
 .text.PORT_HAL_SetMuxMode
                0x0000284c       0x58 board.o
 .text.SMC_HAL_SetProtection
                0x000028a4       0x1e board.o
 *fill*         0x000028c2        0x2 
 .text.BOARD_InitOsc0
                0x000028c4       0x30 board.o
                0x000028c4                BOARD_InitOsc0
 .text.BOARD_InitRtcOsc
                0x000028f4       0x28 board.o
                0x000028f4                BOARD_InitRtcOsc
 .text.BOARD_ClockInit
                0x0000291c       0x34 board.o
                0x0000291c                BOARD_ClockInit
 .text.schedulerTask
                0x00002950       0x1c cmsis_rtos_init.o
                0x00002950                schedulerTask
 .text.mw_initSignalEvents
                0x0000296c       0x40 cmsis_rtos_init.o
                0x0000296c                mw_initSignalEvents
 .text.mw_RTOSInit
                0x000029ac       0x8c cmsis_rtos_init.o
                0x000029ac                mw_RTOSInit
 .text.baseRateTask
                0x00002a38       0x7c ert_main.o
                0x00002a38                baseRateTask
 .text.terminateTask
                0x00002ab4       0x34 ert_main.o
                0x00002ab4                terminateTask
 .text.main     0x00002ae8       0x48 ert_main.o
                0x00002ae8                main
 .text.DMA0_IRQHandler
                0x00002b30        0xe fsl_edma_irq.o
                0x00002b30                DMA0_IRQHandler
 .text.DMA1_IRQHandler
                0x00002b3e        0xe fsl_edma_irq.o
                0x00002b3e                DMA1_IRQHandler
 .text.DMA2_IRQHandler
                0x00002b4c        0xe fsl_edma_irq.o
                0x00002b4c                DMA2_IRQHandler
 .text.DMA3_IRQHandler
                0x00002b5a        0xe fsl_edma_irq.o
                0x00002b5a                DMA3_IRQHandler
 .text.DMA4_IRQHandler
                0x00002b68        0xe fsl_edma_irq.o
                0x00002b68                DMA4_IRQHandler
 .text.DMA5_IRQHandler
                0x00002b76        0xe fsl_edma_irq.o
                0x00002b76                DMA5_IRQHandler
 .text.DMA6_IRQHandler
                0x00002b84        0xe fsl_edma_irq.o
                0x00002b84                DMA6_IRQHandler
 .text.DMA7_IRQHandler
                0x00002b92        0xe fsl_edma_irq.o
                0x00002b92                DMA7_IRQHandler
 .text.DMA8_IRQHandler
                0x00002ba0        0xe fsl_edma_irq.o
                0x00002ba0                DMA8_IRQHandler
 .text.DMA9_IRQHandler
                0x00002bae        0xe fsl_edma_irq.o
                0x00002bae                DMA9_IRQHandler
 .text.DMA10_IRQHandler
                0x00002bbc        0xe fsl_edma_irq.o
                0x00002bbc                DMA10_IRQHandler
 .text.DMA11_IRQHandler
                0x00002bca        0xe fsl_edma_irq.o
                0x00002bca                DMA11_IRQHandler
 .text.DMA12_IRQHandler
                0x00002bd8        0xe fsl_edma_irq.o
                0x00002bd8                DMA12_IRQHandler
 .text.DMA13_IRQHandler
                0x00002be6        0xe fsl_edma_irq.o
                0x00002be6                DMA13_IRQHandler
 .text.DMA14_IRQHandler
                0x00002bf4        0xe fsl_edma_irq.o
                0x00002bf4                DMA14_IRQHandler
 .text.DMA15_IRQHandler
                0x00002c02        0xe fsl_edma_irq.o
                0x00002c02                DMA15_IRQHandler
 .text.DMA_Error_IRQHandler
                0x00002c10        0xe fsl_edma_irq.o
                0x00002c10                DMA_Error_IRQHandler
 .text.UART0_RX_TX_IRQHandler
                0x00002c1e        0xe fsl_uart_irq.o
                0x00002c1e                UART0_RX_TX_IRQHandler
 .text.UART1_RX_TX_IRQHandler
                0x00002c2c        0xe fsl_uart_irq.o
                0x00002c2c                UART1_RX_TX_IRQHandler
 .text.UART2_RX_TX_IRQHandler
                0x00002c3a        0xe fsl_uart_irq.o
                0x00002c3a                UART2_RX_TX_IRQHandler
 .text.UART3_RX_TX_IRQHandler
                0x00002c48        0xe fsl_uart_irq.o
                0x00002c48                UART3_RX_TX_IRQHandler
 .text.UART4_RX_TX_IRQHandler
                0x00002c56        0xe fsl_uart_irq.o
                0x00002c56                UART4_RX_TX_IRQHandler
 .text.UART5_RX_TX_IRQHandler
                0x00002c64        0xe fsl_uart_irq.o
                0x00002c64                UART5_RX_TX_IRQHandler
 .text.hardware_init
                0x00002c72       0x30 hardware_init.o
                0x00002c72                hardware_init
 .text.NMI_Handler
                0x00002ca2        0x6 irq_stub.o
                0x00002ca2                NMI_Handler
 .text.HardFault_Handler
                0x00002ca8        0x6 irq_stub.o
                0x00002ca8                HardFault_Handler
 .text.MemManage_Handler
                0x00002cae        0x6 irq_stub.o
                0x00002cae                MemManage_Handler
 .text.BusFault_Handler
                0x00002cb4        0x6 irq_stub.o
                0x00002cb4                BusFault_Handler
 .text.UsageFault_Handler
                0x00002cba        0x6 irq_stub.o
                0x00002cba                UsageFault_Handler
 .text.DebugMon_Handler
                0x00002cc0        0x6 irq_stub.o
                0x00002cc0                DebugMon_Handler
 .text.MCM_IRQHandler
                0x00002cc6        0x6 irq_stub.o
                0x00002cc6                MCM_IRQHandler
 .text.FTFE_IRQHandler
                0x00002ccc        0x6 irq_stub.o
                0x00002ccc                FTFE_IRQHandler
 .text.Read_Collision_IRQHandler
                0x00002cd2        0x6 irq_stub.o
                0x00002cd2                Read_Collision_IRQHandler
 .text.LVD_LVW_IRQHandler
                0x00002cd8        0x6 irq_stub.o
                0x00002cd8                LVD_LVW_IRQHandler
 .text.LLWU_IRQHandler
                0x00002cde        0x6 irq_stub.o
                0x00002cde                LLWU_IRQHandler
 .text.WDOG_EWM_IRQHandler
                0x00002ce4        0x6 irq_stub.o
                0x00002ce4                WDOG_EWM_IRQHandler
 .text.RNG_IRQHandler
                0x00002cea        0x6 irq_stub.o
                0x00002cea                RNG_IRQHandler
 .text.I2C0_IRQHandler
                0x00002cf0        0x6 irq_stub.o
                0x00002cf0                I2C0_IRQHandler
 .text.I2C1_IRQHandler
                0x00002cf6        0x6 irq_stub.o
                0x00002cf6                I2C1_IRQHandler
 .text.SPI0_IRQHandler
                0x00002cfc        0x6 irq_stub.o
                0x00002cfc                SPI0_IRQHandler
 .text.SPI1_IRQHandler
                0x00002d02        0x6 irq_stub.o
                0x00002d02                SPI1_IRQHandler
 .text.I2S0_Tx_IRQHandler
                0x00002d08        0x6 irq_stub.o
                0x00002d08                I2S0_Tx_IRQHandler
 .text.I2S0_Rx_IRQHandler
                0x00002d0e        0x6 irq_stub.o
                0x00002d0e                I2S0_Rx_IRQHandler
 .text.UART0_LON_IRQHandler
                0x00002d14        0x6 irq_stub.o
                0x00002d14                UART0_LON_IRQHandler
 .text.UART0_ERR_IRQHandler
                0x00002d1a        0x6 irq_stub.o
                0x00002d1a                UART0_ERR_IRQHandler
 .text.UART1_ERR_IRQHandler
                0x00002d20        0x6 irq_stub.o
                0x00002d20                UART1_ERR_IRQHandler
 .text.UART2_ERR_IRQHandler
                0x00002d26        0x6 irq_stub.o
                0x00002d26                UART2_ERR_IRQHandler
 .text.UART3_ERR_IRQHandler
                0x00002d2c        0x6 irq_stub.o
                0x00002d2c                UART3_ERR_IRQHandler
 .text.ADC0_IRQHandler
                0x00002d32        0x6 irq_stub.o
                0x00002d32                ADC0_IRQHandler
 .text.CMP0_IRQHandler
                0x00002d38        0x6 irq_stub.o
                0x00002d38                CMP0_IRQHandler
 .text.CMP1_IRQHandler
                0x00002d3e        0x6 irq_stub.o
                0x00002d3e                CMP1_IRQHandler
 .text.FTM0_IRQHandler
                0x00002d44        0x6 irq_stub.o
                0x00002d44                FTM0_IRQHandler
 .text.FTM1_IRQHandler
                0x00002d4a        0x6 irq_stub.o
                0x00002d4a                FTM1_IRQHandler
 .text.FTM2_IRQHandler
                0x00002d50        0x6 irq_stub.o
                0x00002d50                FTM2_IRQHandler
 .text.CMT_IRQHandler
                0x00002d56        0x6 irq_stub.o
                0x00002d56                CMT_IRQHandler
 .text.RTC_IRQHandler
                0x00002d5c        0x6 irq_stub.o
                0x00002d5c                RTC_IRQHandler
 .text.RTC_Seconds_IRQHandler
                0x00002d62        0x6 irq_stub.o
                0x00002d62                RTC_Seconds_IRQHandler
 .text.PDB0_IRQHandler
                0x00002d68        0x6 irq_stub.o
                0x00002d68                PDB0_IRQHandler
 .text.USB0_IRQHandler
                0x00002d6e        0x6 irq_stub.o
                0x00002d6e                USB0_IRQHandler
 .text.USBDCD_IRQHandler
                0x00002d74        0x6 irq_stub.o
                0x00002d74                USBDCD_IRQHandler
 .text.Reserved71_IRQHandler
                0x00002d7a        0x6 irq_stub.o
                0x00002d7a                Reserved71_IRQHandler
 .text.DAC0_IRQHandler
                0x00002d80        0x6 irq_stub.o
                0x00002d80                DAC0_IRQHandler
 .text.MCG_IRQHandler
                0x00002d86        0x6 irq_stub.o
                0x00002d86                MCG_IRQHandler
 .text.LPTMR0_IRQHandler
                0x00002d8c        0x6 irq_stub.o
                0x00002d8c                LPTMR0_IRQHandler
 .text.PORTA_IRQHandler
                0x00002d92        0x6 irq_stub.o
                0x00002d92                PORTA_IRQHandler
 .text.PORTB_IRQHandler
                0x00002d98        0x6 irq_stub.o
                0x00002d98                PORTB_IRQHandler
 .text.PORTC_IRQHandler
                0x00002d9e        0x6 irq_stub.o
                0x00002d9e                PORTC_IRQHandler
 .text.PORTD_IRQHandler
                0x00002da4        0x6 irq_stub.o
                0x00002da4                PORTD_IRQHandler
 .text.PORTE_IRQHandler
                0x00002daa        0x6 irq_stub.o
                0x00002daa                PORTE_IRQHandler
 .text.SWI_IRQHandler
                0x00002db0        0x6 irq_stub.o
                0x00002db0                SWI_IRQHandler
 .text.SPI2_IRQHandler
                0x00002db6        0x6 irq_stub.o
                0x00002db6                SPI2_IRQHandler
 .text.UART4_ERR_IRQHandler
                0x00002dbc        0x6 irq_stub.o
                0x00002dbc                UART4_ERR_IRQHandler
 .text.UART5_ERR_IRQHandler
                0x00002dc2        0x6 irq_stub.o
                0x00002dc2                UART5_ERR_IRQHandler
 .text.CMP2_IRQHandler
                0x00002dc8        0x6 irq_stub.o
                0x00002dc8                CMP2_IRQHandler
 .text.FTM3_IRQHandler
                0x00002dce        0x6 irq_stub.o
                0x00002dce                FTM3_IRQHandler
 .text.DAC1_IRQHandler
                0x00002dd4        0x6 irq_stub.o
                0x00002dd4                DAC1_IRQHandler
 .text.ADC1_IRQHandler
                0x00002dda        0x6 irq_stub.o
                0x00002dda                ADC1_IRQHandler
 .text.I2C2_IRQHandler
                0x00002de0        0x6 irq_stub.o
                0x00002de0                I2C2_IRQHandler
 .text.CAN0_ORed_Message_buffer_IRQHandler
                0x00002de6        0x6 irq_stub.o
                0x00002de6                CAN0_ORed_Message_buffer_IRQHandler
 .text.CAN0_Bus_Off_IRQHandler
                0x00002dec        0x6 irq_stub.o
                0x00002dec                CAN0_Bus_Off_IRQHandler
 .text.CAN0_Error_IRQHandler
                0x00002df2        0x6 irq_stub.o
                0x00002df2                CAN0_Error_IRQHandler
 .text.CAN0_Tx_Warning_IRQHandler
                0x00002df8        0x6 irq_stub.o
                0x00002df8                CAN0_Tx_Warning_IRQHandler
 .text.CAN0_Rx_Warning_IRQHandler
                0x00002dfe        0x6 irq_stub.o
                0x00002dfe                CAN0_Rx_Warning_IRQHandler
 .text.CAN0_Wake_Up_IRQHandler
                0x00002e04        0x6 irq_stub.o
                0x00002e04                CAN0_Wake_Up_IRQHandler
 .text.mw_osSignalSet
                0x00002e0a       0x2e mw_signal.o
                0x00002e0a                mw_osSignalSet
 .text.mw_osSignalClear
                0x00002e38       0x26 mw_signal.o
                0x00002e38                mw_osSignalClear
 .text.mw_osSignalWaitEver
                0x00002e5e       0x20 mw_signal.o
                0x00002e5e                mw_osSignalWaitEver
 .text.mw_osSignalEventCreate
                0x00002e7e       0x20 mw_signal.o
                0x00002e7e                mw_osSignalEventCreate
 .text.mw_osSignalEventRelease
                0x00002e9e       0x26 mw_signal.o
                0x00002e9e                mw_osSignalEventRelease
 .text.mw_osSignalEventWaitEver
                0x00002ec4       0x34 mw_signal.o
                0x00002ec4                mw_osSignalEventWaitEver
 .text.mw_osThreadCreate
                0x00002ef8       0x52 mw_thread.o
                0x00002ef8                mw_osThreadCreate
 .text.mw_osThreadGetId
                0x00002f4a        0xe mw_thread.o
                0x00002f4a                mw_osThreadGetId
 .text.mw_osThreadExit
                0x00002f58       0x22 mw_thread.o
                0x00002f58                mw_osThreadExit
 .text.mw_osTimerCreate
                0x00002f7a       0x4e mw_timer.o
                0x00002f7a                mw_osTimerCreate
 .text.mw_osTimerStart
                0x00002fc8       0x24 mw_timer.o
                0x00002fc8                mw_osTimerStart
 .text.pacemaker_SystemCore_release_g
                0x00002fec       0x2a pacemaker.o
 .text.pacemaker_SystemCore_delete_g
                0x00003016       0x16 pacemaker.o
 .text.matlabCodegenHandle_matlabCod_g
                0x0000302c       0x24 pacemaker.o
 .text.pacemaker_SystemCore_release_gd
                0x00003050       0x2a pacemaker.o
 .text.pacemaker_SystemCore_delete_gd
                0x0000307a       0x16 pacemaker.o
 .text.matlabCodegenHandle_matlabCo_gd
                0x00003090       0x24 pacemaker.o
 .text.pacemaker_SystemCore_setup_g
                0x000030b4       0x6c pacemaker.o
 .text.pacemaker_step
                0x00003120      0x340 pacemaker.o
                0x00003120                pacemaker_step
 .text.pacemaker_initialize
                0x00003460      0x118 pacemaker.o
                0x00003460                pacemaker_initialize
 .text.pacemaker_terminate
                0x00003578       0x34 pacemaker.o
                0x00003578                pacemaker_terminate
 .text.PORT_HAL_SetMuxMode
                0x000035ac       0x58 pin_mux.o
 .text.SIM_HAL_EnableClock
                0x00003604       0x40 pin_mux.o
 .text.configure_uart_pins
                0x00003644      0x194 pin_mux.o
                0x00003644                configure_uart_pins
 .text._sbrk    0x000037d8       0x5c sbrk.o
                0x000037d8                _sbrk
 .text.pacemaker_SystemCore_setup
                0x00003834       0x64 send_params.o
 .text.pacemaker_SystemCore_release
                0x00003898       0x2a send_params.o
 .text.pacemaker_SystemCore_delete
                0x000038c2       0x16 send_params.o
 .text.matlabCodegenHandle_matlabCodeg
                0x000038d8       0x24 send_params.o
 .text.send_params_Init
                0x000038fc       0x24 send_params.o
                0x000038fc                send_params_Init
 .text.send_params
                0x00003920       0xb0 send_params.o
                0x00003920                send_params
 .text.send_params_Term
                0x000039d0       0x14 send_params.o
                0x000039d0                send_params_Term
 .text.init_data_bss
                0x000039e4       0xcc startup.o
                0x000039e4                init_data_bss
 .text.SystemInit
                0x00003ab0      0x1dc system_MK64F12.o
                0x00003ab0                SystemInit
 .text.SystemCoreClockUpdate
                0x00003c8c      0x278 system_MK64F12.o
                0x00003c8c                SystemCoreClockUpdate
 .text.osThreadExit
                0x00003f04       0x18 C:/ProgramData/MATLAB/SupportPackages/R2020a/3P.instrset/cmsis.instrset/CMSIS/RTOS/RTX/LIB/GCC/libRTX_CM4.a(rt_cmsis.o)
                0x00003f04                osThreadExit
 .text.svcKernelInitialize
                0x00003f1c      0x100 C:/ProgramData/MATLAB/SupportPackages/R2020a/3P.instrset/cmsis.instrset/CMSIS/RTOS/RTX/LIB/GCC/libRTX_CM4.a(rt_cmsis.o)
                0x00003f1c                svcKernelInitialize
 .text.svcKernelStart
                0x0000401c       0x4c C:/ProgramData/MATLAB/SupportPackages/R2020a/3P.instrset/cmsis.instrset/CMSIS/RTOS/RTX/LIB/GCC/libRTX_CM4.a(rt_cmsis.o)
                0x0000401c                svcKernelStart
 .text.osKernelInitialize
                0x00004068      0x120 C:/ProgramData/MATLAB/SupportPackages/R2020a/3P.instrset/cmsis.instrset/CMSIS/RTOS/RTX/LIB/GCC/libRTX_CM4.a(rt_cmsis.o)
                0x00004068                osKernelInitialize
 .text.osKernelStart
                0x00004188       0x70 C:/ProgramData/MATLAB/SupportPackages/R2020a/3P.instrset/cmsis.instrset/CMSIS/RTOS/RTX/LIB/GCC/libRTX_CM4.a(rt_cmsis.o)
                0x00004188                osKernelStart
 .text.svcThreadCreate
                0x000041f8       0x7c C:/ProgramData/MATLAB/SupportPackages/R2020a/3P.instrset/cmsis.instrset/CMSIS/RTOS/RTX/LIB/GCC/libRTX_CM4.a(rt_cmsis.o)
                0x000041f8                svcThreadCreate
 .text.svcThreadGetId
                0x00004274       0x18 C:/ProgramData/MATLAB/SupportPackages/R2020a/3P.instrset/cmsis.instrset/CMSIS/RTOS/RTX/LIB/GCC/libRTX_CM4.a(rt_cmsis.o)
                0x00004274                svcThreadGetId
 .text.svcThreadTerminate
                0x0000428c       0x44 C:/ProgramData/MATLAB/SupportPackages/R2020a/3P.instrset/cmsis.instrset/CMSIS/RTOS/RTX/LIB/GCC/libRTX_CM4.a(rt_cmsis.o)
                0x0000428c                svcThreadTerminate
 .text.osThreadCreate
                0x000042d0       0x9c C:/ProgramData/MATLAB/SupportPackages/R2020a/3P.instrset/cmsis.instrset/CMSIS/RTOS/RTX/LIB/GCC/libRTX_CM4.a(rt_cmsis.o)
                0x000042d0                osThreadCreate
 .text.osThreadGetId
                0x0000436c       0x18 C:/ProgramData/MATLAB/SupportPackages/R2020a/3P.instrset/cmsis.instrset/CMSIS/RTOS/RTX/LIB/GCC/libRTX_CM4.a(rt_cmsis.o)
                0x0000436c                osThreadGetId
 .text.osThreadTerminate
                0x00004384       0x18 C:/ProgramData/MATLAB/SupportPackages/R2020a/3P.instrset/cmsis.instrset/CMSIS/RTOS/RTX/LIB/GCC/libRTX_CM4.a(rt_cmsis.o)
                0x00004384                osThreadTerminate
 .text.svcTimerCreate
                0x0000439c       0x3c C:/ProgramData/MATLAB/SupportPackages/R2020a/3P.instrset/cmsis.instrset/CMSIS/RTOS/RTX/LIB/GCC/libRTX_CM4.a(rt_cmsis.o)
                0x0000439c                svcTimerCreate
 .text.svcTimerStart
                0x000043d8       0xc8 C:/ProgramData/MATLAB/SupportPackages/R2020a/3P.instrset/cmsis.instrset/CMSIS/RTOS/RTX/LIB/GCC/libRTX_CM4.a(rt_cmsis.o)
                0x000043d8                svcTimerStart
 .text.svcTimerCall
                0x000044a0       0x18 C:/ProgramData/MATLAB/SupportPackages/R2020a/3P.instrset/cmsis.instrset/CMSIS/RTOS/RTX/LIB/GCC/libRTX_CM4.a(rt_cmsis.o)
                0x000044a0                svcTimerCall
 .text.sysTimerTick
                0x000044b8       0xb4 C:/ProgramData/MATLAB/SupportPackages/R2020a/3P.instrset/cmsis.instrset/CMSIS/RTOS/RTX/LIB/GCC/libRTX_CM4.a(rt_cmsis.o)
                0x000044b8                sysTimerTick
 .text.osTimerCreate
                0x0000456c       0x64 C:/ProgramData/MATLAB/SupportPackages/R2020a/3P.instrset/cmsis.instrset/CMSIS/RTOS/RTX/LIB/GCC/libRTX_CM4.a(rt_cmsis.o)
                0x0000456c                osTimerCreate
 .text.osTimerStart
                0x000045d0       0x18 C:/ProgramData/MATLAB/SupportPackages/R2020a/3P.instrset/cmsis.instrset/CMSIS/RTOS/RTX/LIB/GCC/libRTX_CM4.a(rt_cmsis.o)
                0x000045d0                osTimerStart
 .text.osTimerThread
                0x000045e8       0x40 C:/ProgramData/MATLAB/SupportPackages/R2020a/3P.instrset/cmsis.instrset/CMSIS/RTOS/RTX/LIB/GCC/libRTX_CM4.a(rt_cmsis.o)
                0x000045e8                osTimerThread
 .text.svcSignalSet
                0x00004628       0x28 C:/ProgramData/MATLAB/SupportPackages/R2020a/3P.instrset/cmsis.instrset/CMSIS/RTOS/RTX/LIB/GCC/libRTX_CM4.a(rt_cmsis.o)
                0x00004628                svcSignalSet
 .text.svcSignalClear
                0x00004650       0x28 C:/ProgramData/MATLAB/SupportPackages/R2020a/3P.instrset/cmsis.instrset/CMSIS/RTOS/RTX/LIB/GCC/libRTX_CM4.a(rt_cmsis.o)
                0x00004650                svcSignalClear
 .text.svcSignalWait
                0x00004678       0xfc C:/ProgramData/MATLAB/SupportPackages/R2020a/3P.instrset/cmsis.instrset/CMSIS/RTOS/RTX/LIB/GCC/libRTX_CM4.a(rt_cmsis.o)
                0x00004678                svcSignalWait
 .text.osSignalSet
                0x00004774       0x40 C:/ProgramData/MATLAB/SupportPackages/R2020a/3P.instrset/cmsis.instrset/CMSIS/RTOS/RTX/LIB/GCC/libRTX_CM4.a(rt_cmsis.o)
                0x00004774                osSignalSet
 .text.osSignalClear
                0x000047b4       0x1c C:/ProgramData/MATLAB/SupportPackages/R2020a/3P.instrset/cmsis.instrset/CMSIS/RTOS/RTX/LIB/GCC/libRTX_CM4.a(rt_cmsis.o)
                0x000047b4                osSignalClear
 .text.osSignalWait
                0x000047d0       0x28 C:/ProgramData/MATLAB/SupportPackages/R2020a/3P.instrset/cmsis.instrset/CMSIS/RTOS/RTX/LIB/GCC/libRTX_CM4.a(rt_cmsis.o)
                0x000047d0                osSignalWait
 .text.svcMessageGet
                0x000047f8       0xa8 C:/ProgramData/MATLAB/SupportPackages/R2020a/3P.instrset/cmsis.instrset/CMSIS/RTOS/RTX/LIB/GCC/libRTX_CM4.a(rt_cmsis.o)
                0x000047f8                svcMessageGet
 .text.rt_init_stack
                0x000048a0       0xa4 C:/ProgramData/MATLAB/SupportPackages/R2020a/3P.instrset/cmsis.instrset/CMSIS/RTOS/RTX/LIB/GCC/libRTX_CM4.a(hal_cm.o)
                0x000048a0                rt_init_stack
 .text.rt_ret_val
                0x00004944       0x14 C:/ProgramData/MATLAB/SupportPackages/R2020a/3P.instrset/cmsis.instrset/CMSIS/RTOS/RTX/LIB/GCC/libRTX_CM4.a(hal_cm.o)
                0x00004944                rt_ret_val
 .text.rt_ret_val2
                0x00004958       0x24 C:/ProgramData/MATLAB/SupportPackages/R2020a/3P.instrset/cmsis.instrset/CMSIS/RTOS/RTX/LIB/GCC/libRTX_CM4.a(hal_cm.o)
                0x00004958                rt_ret_val2
 .text.dbg_init
                0x0000497c       0x34 C:/ProgramData/MATLAB/SupportPackages/R2020a/3P.instrset/cmsis.instrset/CMSIS/RTOS/RTX/LIB/GCC/libRTX_CM4.a(hal_cm.o)
                0x0000497c                dbg_init
 .text.dbg_task_notify
                0x000049b0       0x2c C:/ProgramData/MATLAB/SupportPackages/R2020a/3P.instrset/cmsis.instrset/CMSIS/RTOS/RTX/LIB/GCC/libRTX_CM4.a(hal_cm.o)
                0x000049b0                dbg_task_notify
 .text.dbg_task_switch
                0x000049dc       0x14 C:/ProgramData/MATLAB/SupportPackages/R2020a/3P.instrset/cmsis.instrset/CMSIS/RTOS/RTX/LIB/GCC/libRTX_CM4.a(hal_cm.o)
                0x000049dc                dbg_task_switch
 .text.rt_init_mem
                0x000049f0       0x1c C:/ProgramData/MATLAB/SupportPackages/R2020a/3P.instrset/cmsis.instrset/CMSIS/RTOS/RTX/LIB/GCC/libRTX_CM4.a(rt_memory.o)
                0x000049f0                rt_init_mem
 .text.rt_alloc_mem
                0x00004a0c       0x50 C:/ProgramData/MATLAB/SupportPackages/R2020a/3P.instrset/cmsis.instrset/CMSIS/RTOS/RTX/LIB/GCC/libRTX_CM4.a(rt_memory.o)
                0x00004a0c                rt_alloc_mem
 .text.rt_free_mem
                0x00004a5c       0x44 C:/ProgramData/MATLAB/SupportPackages/R2020a/3P.instrset/cmsis.instrset/CMSIS/RTOS/RTX/LIB/GCC/libRTX_CM4.a(rt_memory.o)
                0x00004a5c                rt_free_mem
 .text._init_box
                0x00004aa0       0x58 C:/ProgramData/MATLAB/SupportPackages/R2020a/3P.instrset/cmsis.instrset/CMSIS/RTOS/RTX/LIB/GCC/libRTX_CM4.a(rt_membox.o)
                0x00004aa0                _init_box
 .text.rt_alloc_box
                0x00004af8       0x1c C:/ProgramData/MATLAB/SupportPackages/R2020a/3P.instrset/cmsis.instrset/CMSIS/RTOS/RTX/LIB/GCC/libRTX_CM4.a(rt_membox.o)
                0x00004af8                rt_alloc_box
 .text.rt_free_box
                0x00004b14       0x28 C:/ProgramData/MATLAB/SupportPackages/R2020a/3P.instrset/cmsis.instrset/CMSIS/RTOS/RTX/LIB/GCC/libRTX_CM4.a(rt_membox.o)
                0x00004b14                rt_free_box
 .text.rt_sem_psh
                0x00004b3c       0x34 C:/ProgramData/MATLAB/SupportPackages/R2020a/3P.instrset/cmsis.instrset/CMSIS/RTOS/RTX/LIB/GCC/libRTX_CM4.a(rt_semaphore.o)
                0x00004b3c                rt_sem_psh
 .text.rt_mbx_init
                0x00004b70       0x1c C:/ProgramData/MATLAB/SupportPackages/R2020a/3P.instrset/cmsis.instrset/CMSIS/RTOS/RTX/LIB/GCC/libRTX_CM4.a(rt_mailbox.o)
                0x00004b70                rt_mbx_init
 .text.rt_mbx_wait
                0x00004b8c       0xa8 C:/ProgramData/MATLAB/SupportPackages/R2020a/3P.instrset/cmsis.instrset/CMSIS/RTOS/RTX/LIB/GCC/libRTX_CM4.a(rt_mailbox.o)
                0x00004b8c                rt_mbx_wait
 .text.rt_mbx_check
                0x00004c34        0x8 C:/ProgramData/MATLAB/SupportPackages/R2020a/3P.instrset/cmsis.instrset/CMSIS/RTOS/RTX/LIB/GCC/libRTX_CM4.a(rt_mailbox.o)
                0x00004c34                rt_mbx_check
 .text.isr_mbx_send
                0x00004c3c       0x10 C:/ProgramData/MATLAB/SupportPackages/R2020a/3P.instrset/cmsis.instrset/CMSIS/RTOS/RTX/LIB/GCC/libRTX_CM4.a(rt_mailbox.o)
                0x00004c3c                isr_mbx_send
 .text.rt_mbx_psh
                0x00004c4c       0xe4 C:/ProgramData/MATLAB/SupportPackages/R2020a/3P.instrset/cmsis.instrset/CMSIS/RTOS/RTX/LIB/GCC/libRTX_CM4.a(rt_mailbox.o)
                0x00004c4c                rt_mbx_psh
 .text.rt_put_prio
                0x00004d30       0x50 C:/ProgramData/MATLAB/SupportPackages/R2020a/3P.instrset/cmsis.instrset/CMSIS/RTOS/RTX/LIB/GCC/libRTX_CM4.a(rt_list.o)
                0x00004d30                rt_put_prio
 .text.rt_get_first
                0x00004d80       0x28 C:/ProgramData/MATLAB/SupportPackages/R2020a/3P.instrset/cmsis.instrset/CMSIS/RTOS/RTX/LIB/GCC/libRTX_CM4.a(rt_list.o)
                0x00004d80                rt_get_first
 .text.rt_put_rdy_first
                0x00004da8       0x14 C:/ProgramData/MATLAB/SupportPackages/R2020a/3P.instrset/cmsis.instrset/CMSIS/RTOS/RTX/LIB/GCC/libRTX_CM4.a(rt_list.o)
                0x00004da8                rt_put_rdy_first
 .text.rt_resort_prio
                0x00004dbc       0x94 C:/ProgramData/MATLAB/SupportPackages/R2020a/3P.instrset/cmsis.instrset/CMSIS/RTOS/RTX/LIB/GCC/libRTX_CM4.a(rt_list.o)
                0x00004dbc                rt_resort_prio
 .text.rt_put_dly
                0x00004e50       0x60 C:/ProgramData/MATLAB/SupportPackages/R2020a/3P.instrset/cmsis.instrset/CMSIS/RTOS/RTX/LIB/GCC/libRTX_CM4.a(rt_list.o)
                0x00004e50                rt_put_dly
 .text.rt_dec_dly
                0x00004eb0       0xd8 C:/ProgramData/MATLAB/SupportPackages/R2020a/3P.instrset/cmsis.instrset/CMSIS/RTOS/RTX/LIB/GCC/libRTX_CM4.a(rt_list.o)
                0x00004eb0                rt_dec_dly
 .text.rt_rmv_list
                0x00004f88       0x2c C:/ProgramData/MATLAB/SupportPackages/R2020a/3P.instrset/cmsis.instrset/CMSIS/RTOS/RTX/LIB/GCC/libRTX_CM4.a(rt_list.o)
                0x00004f88                rt_rmv_list
 .text.rt_rmv_dly
                0x00004fb4       0x2c C:/ProgramData/MATLAB/SupportPackages/R2020a/3P.instrset/cmsis.instrset/CMSIS/RTOS/RTX/LIB/GCC/libRTX_CM4.a(rt_list.o)
                0x00004fb4                rt_rmv_dly
 .text.rt_psq_enq
                0x00004fe0       0x44 C:/ProgramData/MATLAB/SupportPackages/R2020a/3P.instrset/cmsis.instrset/CMSIS/RTOS/RTX/LIB/GCC/libRTX_CM4.a(rt_list.o)
                0x00004fe0                rt_psq_enq
 .text.rt_evt_wait
                0x00005024       0x4c C:/ProgramData/MATLAB/SupportPackages/R2020a/3P.instrset/cmsis.instrset/CMSIS/RTOS/RTX/LIB/GCC/libRTX_CM4.a(rt_event.o)
                0x00005024                rt_evt_wait
 .text.rt_evt_set
                0x00005070       0x58 C:/ProgramData/MATLAB/SupportPackages/R2020a/3P.instrset/cmsis.instrset/CMSIS/RTOS/RTX/LIB/GCC/libRTX_CM4.a(rt_event.o)
                0x00005070                rt_evt_set
 .text.rt_evt_clr
                0x000050c8       0x18 C:/ProgramData/MATLAB/SupportPackages/R2020a/3P.instrset/cmsis.instrset/CMSIS/RTOS/RTX/LIB/GCC/libRTX_CM4.a(rt_event.o)
                0x000050c8                rt_evt_clr
 .text.isr_evt_set
                0x000050e0       0x24 C:/ProgramData/MATLAB/SupportPackages/R2020a/3P.instrset/cmsis.instrset/CMSIS/RTOS/RTX/LIB/GCC/libRTX_CM4.a(rt_event.o)
                0x000050e0                isr_evt_set
 .text.rt_evt_psh
                0x00005104       0x50 C:/ProgramData/MATLAB/SupportPackages/R2020a/3P.instrset/cmsis.instrset/CMSIS/RTOS/RTX/LIB/GCC/libRTX_CM4.a(rt_event.o)
                0x00005104                rt_evt_psh
 .text.rt_psh_req
                0x00005154       0x20 C:/ProgramData/MATLAB/SupportPackages/R2020a/3P.instrset/cmsis.instrset/CMSIS/RTOS/RTX/LIB/GCC/libRTX_CM4.a(rt_system.o)
                0x00005154                rt_psh_req
 .text.rt_pop_req
                0x00005174       0x78 C:/ProgramData/MATLAB/SupportPackages/R2020a/3P.instrset/cmsis.instrset/CMSIS/RTOS/RTX/LIB/GCC/libRTX_CM4.a(rt_system.o)
                0x00005174                rt_pop_req
 .text.os_tick_init
                0x000051ec       0x40 C:/ProgramData/MATLAB/SupportPackages/R2020a/3P.instrset/cmsis.instrset/CMSIS/RTOS/RTX/LIB/GCC/libRTX_CM4.a(rt_system.o)
                0x000051ec                os_tick_init
 .text.os_tick_irqack
                0x0000522c        0x4 C:/ProgramData/MATLAB/SupportPackages/R2020a/3P.instrset/cmsis.instrset/CMSIS/RTOS/RTX/LIB/GCC/libRTX_CM4.a(rt_system.o)
                0x0000522c                os_tick_irqack
 .text.rt_systick
                0x00005230       0x3c C:/ProgramData/MATLAB/SupportPackages/R2020a/3P.instrset/cmsis.instrset/CMSIS/RTOS/RTX/LIB/GCC/libRTX_CM4.a(rt_system.o)
                0x00005230                rt_systick
 .text.rt_stk_check
                0x0000526c       0x24 C:/ProgramData/MATLAB/SupportPackages/R2020a/3P.instrset/cmsis.instrset/CMSIS/RTOS/RTX/LIB/GCC/libRTX_CM4.a(rt_system.o)
                0x0000526c                rt_stk_check
 .text.rt_switch_req
                0x00005290       0x24 C:/ProgramData/MATLAB/SupportPackages/R2020a/3P.instrset/cmsis.instrset/CMSIS/RTOS/RTX/LIB/GCC/libRTX_CM4.a(rt_task.o)
                0x00005290                rt_switch_req
 .text.rt_dispatch
                0x000052b4       0x7c C:/ProgramData/MATLAB/SupportPackages/R2020a/3P.instrset/cmsis.instrset/CMSIS/RTOS/RTX/LIB/GCC/libRTX_CM4.a(rt_task.o)
                0x000052b4                rt_dispatch
 .text.rt_block
                0x00005330       0x50 C:/ProgramData/MATLAB/SupportPackages/R2020a/3P.instrset/cmsis.instrset/CMSIS/RTOS/RTX/LIB/GCC/libRTX_CM4.a(rt_task.o)
                0x00005330                rt_block
 .text.rt_tsk_self
                0x00005380       0x10 C:/ProgramData/MATLAB/SupportPackages/R2020a/3P.instrset/cmsis.instrset/CMSIS/RTOS/RTX/LIB/GCC/libRTX_CM4.a(rt_task.o)
                0x00005380                rt_tsk_self
 .text.rt_tsk_prio
                0x00005390       0xf8 C:/ProgramData/MATLAB/SupportPackages/R2020a/3P.instrset/cmsis.instrset/CMSIS/RTOS/RTX/LIB/GCC/libRTX_CM4.a(rt_task.o)
                0x00005390                rt_tsk_prio
 .text.rt_tsk_create
                0x00005488      0x110 C:/ProgramData/MATLAB/SupportPackages/R2020a/3P.instrset/cmsis.instrset/CMSIS/RTOS/RTX/LIB/GCC/libRTX_CM4.a(rt_task.o)
                0x00005488                rt_tsk_create
 .text.rt_tsk_delete
                0x00005598      0x1c4 C:/ProgramData/MATLAB/SupportPackages/R2020a/3P.instrset/cmsis.instrset/CMSIS/RTOS/RTX/LIB/GCC/libRTX_CM4.a(rt_task.o)
                0x00005598                rt_tsk_delete
 .text.rt_sys_init
                0x0000575c       0xec C:/ProgramData/MATLAB/SupportPackages/R2020a/3P.instrset/cmsis.instrset/CMSIS/RTOS/RTX/LIB/GCC/libRTX_CM4.a(rt_task.o)
                0x0000575c                rt_sys_init
 .text.rt_sys_start
                0x00005848       0x8c C:/ProgramData/MATLAB/SupportPackages/R2020a/3P.instrset/cmsis.instrset/CMSIS/RTOS/RTX/LIB/GCC/libRTX_CM4.a(rt_task.o)
                0x00005848                rt_sys_start
 .text.OSA_TimeInit
                0x000058d4       0x44 C:/ProgramData/MATLAB/SupportPackages/R2020a/toolbox/target/supportpackages/freedomk64f/src/ksdk_armgcc_lib/bm/libksdk_platform.a(fsl_os_abstraction_bm.o)
                0x000058d4                OSA_TimeInit
 .text.OSA_SemaCreate
                0x00005918       0x2c C:/ProgramData/MATLAB/SupportPackages/R2020a/toolbox/target/supportpackages/freedomk64f/src/ksdk_armgcc_lib/bm/libksdk_platform.a(fsl_os_abstraction_bm.o)
                0x00005918                OSA_SemaCreate
 .text.OSA_SemaPost
                0x00005944       0x3c C:/ProgramData/MATLAB/SupportPackages/R2020a/toolbox/target/supportpackages/freedomk64f/src/ksdk_armgcc_lib/bm/libksdk_platform.a(fsl_os_abstraction_bm.o)
                0x00005944                OSA_SemaPost
 .text.task_init
                0x00005980       0x38 C:/ProgramData/MATLAB/SupportPackages/R2020a/toolbox/target/supportpackages/freedomk64f/src/ksdk_armgcc_lib/bm/libksdk_platform.a(fsl_os_abstraction_bm.o)
                0x00005980                task_init
 .text.OSA_Init
                0x000059b8        0xe C:/ProgramData/MATLAB/SupportPackages/R2020a/toolbox/target/supportpackages/freedomk64f/src/ksdk_armgcc_lib/bm/libksdk_platform.a(fsl_os_abstraction_bm.o)
                0x000059b8                OSA_Init
 *fill*         0x000059c6        0x2 
 .text.CLOCK_SYS_SetMcgPeeToFbe
                0x000059c8       0x34 C:/ProgramData/MATLAB/SupportPackages/R2020a/toolbox/target/supportpackages/freedomk64f/src/ksdk_armgcc_lib/bm/libksdk_platform.a(fsl_clock_manager.o)
 .text.CLOCK_SYS_SetMcgMode
                0x000059fc      0x124 C:/ProgramData/MATLAB/SupportPackages/R2020a/toolbox/target/supportpackages/freedomk64f/src/ksdk_armgcc_lib/bm/libksdk_platform.a(fsl_clock_manager.o)
                0x000059fc                CLOCK_SYS_SetMcgMode
 .text.CLOCK_SYS_SetOscerConfigration
                0x00005b20       0x1c C:/ProgramData/MATLAB/SupportPackages/R2020a/toolbox/target/supportpackages/freedomk64f/src/ksdk_armgcc_lib/bm/libksdk_platform.a(fsl_clock_manager.o)
                0x00005b20                CLOCK_SYS_SetOscerConfigration
 .text.CLOCK_SYS_OscInit
                0x00005b3c       0x9c C:/ProgramData/MATLAB/SupportPackages/R2020a/toolbox/target/supportpackages/freedomk64f/src/ksdk_armgcc_lib/bm/libksdk_platform.a(fsl_clock_manager.o)
                0x00005b3c                CLOCK_SYS_OscInit
 .text.CLOCK_SYS_RtcOscInit
                0x00005bd8       0x68 C:/ProgramData/MATLAB/SupportPackages/R2020a/toolbox/target/supportpackages/freedomk64f/src/ksdk_armgcc_lib/bm/libksdk_platform.a(fsl_clock_manager.o)
                0x00005bd8                CLOCK_SYS_RtcOscInit
 .text.SIM_HAL_EnableClock.constprop.10
                0x00005c40       0x1c C:/ProgramData/MATLAB/SupportPackages/R2020a/toolbox/target/supportpackages/freedomk64f/src/ksdk_armgcc_lib/bm/libksdk_platform.a(fsl_clock_MK64F12.o)
 .text.CLOCK_SYS_GetCoreClockFreq
                0x00005c5c       0x24 C:/ProgramData/MATLAB/SupportPackages/R2020a/toolbox/target/supportpackages/freedomk64f/src/ksdk_armgcc_lib/bm/libksdk_platform.a(fsl_clock_MK64F12.o)
                0x00005c5c                CLOCK_SYS_GetCoreClockFreq
 .text.CLOCK_SYS_SetConfiguration
                0x00005c80       0x94 C:/ProgramData/MATLAB/SupportPackages/R2020a/toolbox/target/supportpackages/freedomk64f/src/ksdk_armgcc_lib/bm/libksdk_platform.a(fsl_clock_MK64F12.o)
                0x00005c80                CLOCK_SYS_SetConfiguration
 .text.CLOCK_SYS_FllStableDelay
                0x00005d14       0x1a C:/ProgramData/MATLAB/SupportPackages/R2020a/toolbox/target/supportpackages/freedomk64f/src/ksdk_armgcc_lib/bm/libksdk_platform.a(fsl_clock_MK64F12.o)
 *fill*         0x00005d2e        0x2 
 .text.CLOCK_SYS_GetBusClockFreq
                0x00005d30       0x24 C:/ProgramData/MATLAB/SupportPackages/R2020a/toolbox/target/supportpackages/freedomk64f/src/ksdk_armgcc_lib/bm/libksdk_platform.a(fsl_clock_MK64F12.o)
                0x00005d30                CLOCK_SYS_GetBusClockFreq
 .text.CLOCK_SYS_GetUartFreq
                0x00005d54       0x1a C:/ProgramData/MATLAB/SupportPackages/R2020a/toolbox/target/supportpackages/freedomk64f/src/ksdk_armgcc_lib/bm/libksdk_platform.a(fsl_clock_MK64F12.o)
                0x00005d54                CLOCK_SYS_GetUartFreq
 *fill*         0x00005d6e        0x2 
 .text.CLOCK_SYS_EnablePortClock
                0x00005d70       0x30 C:/ProgramData/MATLAB/SupportPackages/R2020a/toolbox/target/supportpackages/freedomk64f/src/ksdk_armgcc_lib/bm/libksdk_platform.a(fsl_clock_MK64F12.o)
                0x00005d70                CLOCK_SYS_EnablePortClock
 .text.CLOCK_SYS_EnableUartClock
                0x00005da0       0x30 C:/ProgramData/MATLAB/SupportPackages/R2020a/toolbox/target/supportpackages/freedomk64f/src/ksdk_armgcc_lib/bm/libksdk_platform.a(fsl_clock_MK64F12.o)
                0x00005da0                CLOCK_SYS_EnableUartClock
 .text.INT_SYS_EnableIRQGlobal
                0x00005dd0       0x14 C:/ProgramData/MATLAB/SupportPackages/R2020a/toolbox/target/supportpackages/freedomk64f/src/ksdk_armgcc_lib/bm/libksdk_platform.a(fsl_interrupt_manager.o)
                0x00005dd0                INT_SYS_EnableIRQGlobal
 .text.INT_SYS_DisableIRQGlobal
                0x00005de4       0x10 C:/ProgramData/MATLAB/SupportPackages/R2020a/toolbox/target/supportpackages/freedomk64f/src/ksdk_armgcc_lib/bm/libksdk_platform.a(fsl_interrupt_manager.o)
                0x00005de4                INT_SYS_DisableIRQGlobal
 .text.EDMA_HAL_SetErrorIntCmd
                0x00005df4        0xa C:/ProgramData/MATLAB/SupportPackages/R2020a/toolbox/target/supportpackages/freedomk64f/src/ksdk_armgcc_lib/bm/libksdk_platform.a(fsl_edma_hal.o)
                0x00005df4                EDMA_HAL_SetErrorIntCmd
 .text.EDMA_HAL_SetDmaRequestCmd
                0x00005dfe        0xa C:/ProgramData/MATLAB/SupportPackages/R2020a/toolbox/target/supportpackages/freedomk64f/src/ksdk_armgcc_lib/bm/libksdk_platform.a(fsl_edma_hal.o)
                0x00005dfe                EDMA_HAL_SetDmaRequestCmd
 .text.EDMA_HAL_HTCDClearReg
                0x00005e08       0x4a C:/ProgramData/MATLAB/SupportPackages/R2020a/toolbox/target/supportpackages/freedomk64f/src/ksdk_armgcc_lib/bm/libksdk_platform.a(fsl_edma_hal.o)
                0x00005e08                EDMA_HAL_HTCDClearReg
 .text.EDMA_HAL_Init
                0x00005e52       0x28 C:/ProgramData/MATLAB/SupportPackages/R2020a/toolbox/target/supportpackages/freedomk64f/src/ksdk_armgcc_lib/bm/libksdk_platform.a(fsl_edma_hal.o)
                0x00005e52                EDMA_HAL_Init
 *fill*         0x00005e7a        0x2 
 .text.EDMA_HAL_HTCDSetAttribute
                0x00005e7c       0x48 C:/ProgramData/MATLAB/SupportPackages/R2020a/toolbox/target/supportpackages/freedomk64f/src/ksdk_armgcc_lib/bm/libksdk_platform.a(fsl_edma_hal.o)
                0x00005e7c                EDMA_HAL_HTCDSetAttribute
 .text.EDMA_HAL_HTCDSetNbytes
                0x00005ec4       0x70 C:/ProgramData/MATLAB/SupportPackages/R2020a/toolbox/target/supportpackages/freedomk64f/src/ksdk_armgcc_lib/bm/libksdk_platform.a(fsl_edma_hal.o)
                0x00005ec4                EDMA_HAL_HTCDSetNbytes
 .text.EDMA_HAL_HTCDGetNbytes
                0x00005f34       0x60 C:/ProgramData/MATLAB/SupportPackages/R2020a/toolbox/target/supportpackages/freedomk64f/src/ksdk_armgcc_lib/bm/libksdk_platform.a(fsl_edma_hal.o)
                0x00005f34                EDMA_HAL_HTCDGetNbytes
 .text.EDMA_HAL_HTCDSetChannelMinorLink
                0x00005f94       0x74 C:/ProgramData/MATLAB/SupportPackages/R2020a/toolbox/target/supportpackages/freedomk64f/src/ksdk_armgcc_lib/bm/libksdk_platform.a(fsl_edma_hal.o)
                0x00005f94                EDMA_HAL_HTCDSetChannelMinorLink
 .text.EDMA_HAL_HTCDSetMajorCount
                0x00006008       0x68 C:/ProgramData/MATLAB/SupportPackages/R2020a/toolbox/target/supportpackages/freedomk64f/src/ksdk_armgcc_lib/bm/libksdk_platform.a(fsl_edma_hal.o)
                0x00006008                EDMA_HAL_HTCDSetMajorCount
 .text.EDMA_HAL_HTCDGetUnfinishedBytes
                0x00006070       0x54 C:/ProgramData/MATLAB/SupportPackages/R2020a/toolbox/target/supportpackages/freedomk64f/src/ksdk_armgcc_lib/bm/libksdk_platform.a(fsl_edma_hal.o)
                0x00006070                EDMA_HAL_HTCDGetUnfinishedBytes
 .text.INT_SYS_EnableIRQ
                0x000060c4       0x48 C:/ProgramData/MATLAB/SupportPackages/R2020a/toolbox/target/supportpackages/freedomk64f/src/ksdk_armgcc_lib/bm/libksdk_platform.a(fsl_edma_driver.o)
 .text.EDMA_DRV_ClaimChannel
                0x0000610c       0x6c C:/ProgramData/MATLAB/SupportPackages/R2020a/toolbox/target/supportpackages/freedomk64f/src/ksdk_armgcc_lib/bm/libksdk_platform.a(fsl_edma_driver.o)
 .text.EDMA_DRV_Init
                0x00006178       0x7c C:/ProgramData/MATLAB/SupportPackages/R2020a/toolbox/target/supportpackages/freedomk64f/src/ksdk_armgcc_lib/bm/libksdk_platform.a(fsl_edma_driver.o)
                0x00006178                EDMA_DRV_Init
 .text.EDMA_DRV_InstallCallback
                0x000061f4        0x8 C:/ProgramData/MATLAB/SupportPackages/R2020a/toolbox/target/supportpackages/freedomk64f/src/ksdk_armgcc_lib/bm/libksdk_platform.a(fsl_edma_driver.o)
                0x000061f4                EDMA_DRV_InstallCallback
 .text.EDMA_DRV_RequestChannel
                0x000061fc       0x70 C:/ProgramData/MATLAB/SupportPackages/R2020a/toolbox/target/supportpackages/freedomk64f/src/ksdk_armgcc_lib/bm/libksdk_platform.a(fsl_edma_driver.o)
                0x000061fc                EDMA_DRV_RequestChannel
 .text.EDMA_DRV_IRQHandler
                0x0000626c       0x30 C:/ProgramData/MATLAB/SupportPackages/R2020a/toolbox/target/supportpackages/freedomk64f/src/ksdk_armgcc_lib/bm/libksdk_platform.a(fsl_edma_driver.o)
                0x0000626c                EDMA_DRV_IRQHandler
 .text.EDMA_DRV_ErrorIRQHandler
                0x0000629c       0x88 C:/ProgramData/MATLAB/SupportPackages/R2020a/toolbox/target/supportpackages/freedomk64f/src/ksdk_armgcc_lib/bm/libksdk_platform.a(fsl_edma_driver.o)
                0x0000629c                EDMA_DRV_ErrorIRQHandler
 .text.unlikely.PORT_HAL_SetMuxMode.part.0
                0x00006324       0x1c C:/ProgramData/MATLAB/SupportPackages/R2020a/toolbox/target/supportpackages/freedomk64f/src/ksdk_armgcc_lib/bm/libksdk_platform.a(fsl_gpio_driver.o)
 .text.GPIO_DRV_InputPinInit
                0x00006340       0xe0 C:/ProgramData/MATLAB/SupportPackages/R2020a/toolbox/target/supportpackages/freedomk64f/src/ksdk_armgcc_lib/bm/libksdk_platform.a(fsl_gpio_driver.o)
                0x00006340                GPIO_DRV_InputPinInit
 .text.GPIO_DRV_OutputPinInit
                0x00006420       0x70 C:/ProgramData/MATLAB/SupportPackages/R2020a/toolbox/target/supportpackages/freedomk64f/src/ksdk_armgcc_lib/bm/libksdk_platform.a(fsl_gpio_driver.o)
                0x00006420                GPIO_DRV_OutputPinInit
 .text.GPIO_DRV_WritePinOutput
                0x00006490       0x1c C:/ProgramData/MATLAB/SupportPackages/R2020a/toolbox/target/supportpackages/freedomk64f/src/ksdk_armgcc_lib/bm/libksdk_platform.a(fsl_gpio_driver.o)
                0x00006490                GPIO_DRV_WritePinOutput
 .text.LPTMR_HAL_SetTimerWorkingMode
                0x000064ac       0x3c C:/ProgramData/MATLAB/SupportPackages/R2020a/toolbox/target/supportpackages/freedomk64f/src/ksdk_armgcc_lib/bm/libksdk_platform.a(fsl_lptmr_hal.o)
                0x000064ac                LPTMR_HAL_SetTimerWorkingMode
 .text.LPTMR_HAL_SetPrescalerMode
                0x000064e8       0x1a C:/ProgramData/MATLAB/SupportPackages/R2020a/toolbox/target/supportpackages/freedomk64f/src/ksdk_armgcc_lib/bm/libksdk_platform.a(fsl_lptmr_hal.o)
                0x000064e8                LPTMR_HAL_SetPrescalerMode
 *fill*         0x00006502        0x2 
 .text.CLOCK_HAL_TestOscFreq
                0x00006504       0x28 C:/ProgramData/MATLAB/SupportPackages/R2020a/toolbox/target/supportpackages/freedomk64f/src/ksdk_armgcc_lib/bm/libksdk_platform.a(fsl_mcg_hal.o)
                0x00006504                CLOCK_HAL_TestOscFreq
 .text.CLOCK_HAL_GetMcgExternalClkFreq
                0x0000652c        0xa C:/ProgramData/MATLAB/SupportPackages/R2020a/toolbox/target/supportpackages/freedomk64f/src/ksdk_armgcc_lib/bm/libksdk_platform.a(fsl_mcg_hal.o)
 .text.CLOCK_HAL_TestFllExternalRefFreq
                0x00006536       0x32 C:/ProgramData/MATLAB/SupportPackages/R2020a/toolbox/target/supportpackages/freedomk64f/src/ksdk_armgcc_lib/bm/libksdk_platform.a(fsl_mcg_hal.o)
                0x00006536                CLOCK_HAL_TestFllExternalRefFreq
 .text.CLOCK_HAL_GetFllRefClk
                0x00006568       0x3c C:/ProgramData/MATLAB/SupportPackages/R2020a/toolbox/target/supportpackages/freedomk64f/src/ksdk_armgcc_lib/bm/libksdk_platform.a(fsl_mcg_hal.o)
                0x00006568                CLOCK_HAL_GetFllRefClk
 .text.CLOCK_HAL_TestFllFreq
                0x000065a4       0x34 C:/ProgramData/MATLAB/SupportPackages/R2020a/toolbox/target/supportpackages/freedomk64f/src/ksdk_armgcc_lib/bm/libksdk_platform.a(fsl_mcg_hal.o)
                0x000065a4                CLOCK_HAL_TestFllFreq
 .text.CLOCK_HAL_GetFllClk
                0x000065d8       0x36 C:/ProgramData/MATLAB/SupportPackages/R2020a/toolbox/target/supportpackages/freedomk64f/src/ksdk_armgcc_lib/bm/libksdk_platform.a(fsl_mcg_hal.o)
                0x000065d8                CLOCK_HAL_GetFllClk
 .text.CLOCK_HAL_UpdateFastClkInternalRefDiv
                0x0000660e       0x52 C:/ProgramData/MATLAB/SupportPackages/R2020a/toolbox/target/supportpackages/freedomk64f/src/ksdk_armgcc_lib/bm/libksdk_platform.a(fsl_mcg_hal.o)
                0x0000660e                CLOCK_HAL_UpdateFastClkInternalRefDiv
 .text.CLOCK_HAL_GetPll0Clk
                0x00006660       0x3e C:/ProgramData/MATLAB/SupportPackages/R2020a/toolbox/target/supportpackages/freedomk64f/src/ksdk_armgcc_lib/bm/libksdk_platform.a(fsl_mcg_hal.o)
                0x00006660                CLOCK_HAL_GetPll0Clk
 .text.CLOCK_HAL_EnablePll0InFllMode
                0x0000669e       0x38 C:/ProgramData/MATLAB/SupportPackages/R2020a/toolbox/target/supportpackages/freedomk64f/src/ksdk_armgcc_lib/bm/libksdk_platform.a(fsl_mcg_hal.o)
                0x0000669e                CLOCK_HAL_EnablePll0InFllMode
 *fill*         0x000066d6        0x2 
 .text.CLOCK_HAL_GetInternalRefClk
                0x000066d8       0x3c C:/ProgramData/MATLAB/SupportPackages/R2020a/toolbox/target/supportpackages/freedomk64f/src/ksdk_armgcc_lib/bm/libksdk_platform.a(fsl_mcg_hal.o)
                0x000066d8                CLOCK_HAL_GetInternalRefClk
 .text.CLOCK_HAL_GetOutClk
                0x00006714       0x22 C:/ProgramData/MATLAB/SupportPackages/R2020a/toolbox/target/supportpackages/freedomk64f/src/ksdk_armgcc_lib/bm/libksdk_platform.a(fsl_mcg_hal.o)
                0x00006714                CLOCK_HAL_GetOutClk
 .text.CLOCK_HAL_SetOsc0Mode
                0x00006736       0x24 C:/ProgramData/MATLAB/SupportPackages/R2020a/toolbox/target/supportpackages/freedomk64f/src/ksdk_armgcc_lib/bm/libksdk_platform.a(fsl_mcg_hal.o)
                0x00006736                CLOCK_HAL_SetOsc0Mode
 .text.CLOCK_HAL_PrepareOsc
                0x0000675a       0x2c C:/ProgramData/MATLAB/SupportPackages/R2020a/toolbox/target/supportpackages/freedomk64f/src/ksdk_armgcc_lib/bm/libksdk_platform.a(fsl_mcg_hal_modes.o)
 .text.CLOCK_HAL_GetMcgMode
                0x00006786       0x72 C:/ProgramData/MATLAB/SupportPackages/R2020a/toolbox/target/supportpackages/freedomk64f/src/ksdk_armgcc_lib/bm/libksdk_platform.a(fsl_mcg_hal_modes.o)
                0x00006786                CLOCK_HAL_GetMcgMode
 .text.CLOCK_HAL_SetFbiMode
                0x000067f8       0xb8 C:/ProgramData/MATLAB/SupportPackages/R2020a/toolbox/target/supportpackages/freedomk64f/src/ksdk_armgcc_lib/bm/libksdk_platform.a(fsl_mcg_hal_modes.o)
                0x000067f8                CLOCK_HAL_SetFbiMode
 .text.CLOCK_HAL_SetFbeMode
                0x000068b0       0xea C:/ProgramData/MATLAB/SupportPackages/R2020a/toolbox/target/supportpackages/freedomk64f/src/ksdk_armgcc_lib/bm/libksdk_platform.a(fsl_mcg_hal_modes.o)
                0x000068b0                CLOCK_HAL_SetFbeMode
 *fill*         0x0000699a        0x2 
 .text.CLOCK_HAL_SetPbeMode
                0x0000699c       0xd0 C:/ProgramData/MATLAB/SupportPackages/R2020a/toolbox/target/supportpackages/freedomk64f/src/ksdk_armgcc_lib/bm/libksdk_platform.a(fsl_mcg_hal_modes.o)
                0x0000699c                CLOCK_HAL_SetPbeMode
 .text.OSC_HAL_SetCapacitor
                0x00006a6c        0xe C:/ProgramData/MATLAB/SupportPackages/R2020a/toolbox/target/supportpackages/freedomk64f/src/ksdk_armgcc_lib/bm/libksdk_platform.a(fsl_osc_hal.o)
                0x00006a6c                OSC_HAL_SetCapacitor
 .text.CLOCK_HAL_SetOutDiv
                0x00006a7a       0x28 C:/ProgramData/MATLAB/SupportPackages/R2020a/toolbox/target/supportpackages/freedomk64f/src/ksdk_armgcc_lib/bm/libksdk_platform.a(fsl_sim_hal_MK64F12.o)
                0x00006a7a                CLOCK_HAL_SetOutDiv
 *fill*         0x00006aa2        0x2 
 .text.UART_DRV_CompleteSendData
                0x00006aa4       0x54 C:/ProgramData/MATLAB/SupportPackages/R2020a/toolbox/target/supportpackages/freedomk64f/src/ksdk_armgcc_lib/bm/libksdk_platform.a(fsl_uart_driver.o)
 .text.UART_DRV_CompleteReceiveData
                0x00006af8       0x5c C:/ProgramData/MATLAB/SupportPackages/R2020a/toolbox/target/supportpackages/freedomk64f/src/ksdk_armgcc_lib/bm/libksdk_platform.a(fsl_uart_driver.o)
 .text.UART_DRV_IRQHandler
                0x00006b54       0xdc C:/ProgramData/MATLAB/SupportPackages/R2020a/toolbox/target/supportpackages/freedomk64f/src/ksdk_armgcc_lib/bm/libksdk_platform.a(fsl_uart_driver.o)
                0x00006b54                UART_DRV_IRQHandler
 .text.EDMA_HAL_HTCDSetIntCmd
                0x00006c30       0x14 C:/ProgramData/MATLAB/SupportPackages/R2020a/toolbox/target/supportpackages/freedomk64f/src/ksdk_armgcc_lib/bm/libksdk_platform.a(fsl_uart_edma_driver.o)
 .text.UART_DRV_EdmaCompleteSendData
                0x00006c44       0x60 C:/ProgramData/MATLAB/SupportPackages/R2020a/toolbox/target/supportpackages/freedomk64f/src/ksdk_armgcc_lib/bm/libksdk_platform.a(fsl_uart_edma_driver.o)
 .text.UART_DRV_EdmaTxCallback
                0x00006ca4        0x4 C:/ProgramData/MATLAB/SupportPackages/R2020a/toolbox/target/supportpackages/freedomk64f/src/ksdk_armgcc_lib/bm/libksdk_platform.a(fsl_uart_edma_driver.o)
 .text.UART_DRV_EdmaCompleteReceiveData
                0x00006ca8       0x64 C:/ProgramData/MATLAB/SupportPackages/R2020a/toolbox/target/supportpackages/freedomk64f/src/ksdk_armgcc_lib/bm/libksdk_platform.a(fsl_uart_edma_driver.o)
 .text.UART_DRV_EdmaRxCallback
                0x00006d0c        0x4 C:/ProgramData/MATLAB/SupportPackages/R2020a/toolbox/target/supportpackages/freedomk64f/src/ksdk_armgcc_lib/bm/libksdk_platform.a(fsl_uart_edma_driver.o)
 .text.UART_DRV_EdmaStartSendData
                0x00006d10       0x70 C:/ProgramData/MATLAB/SupportPackages/R2020a/toolbox/target/supportpackages/freedomk64f/src/ksdk_armgcc_lib/bm/libksdk_platform.a(fsl_uart_edma_driver.o)
 .text.UART_DRV_EdmaInit
                0x00006d80      0x23c C:/ProgramData/MATLAB/SupportPackages/R2020a/toolbox/target/supportpackages/freedomk64f/src/ksdk_armgcc_lib/bm/libksdk_platform.a(fsl_uart_edma_driver.o)
                0x00006d80                UART_DRV_EdmaInit
 .text.UART_DRV_EdmaSendData
                0x00006fbc       0x48 C:/ProgramData/MATLAB/SupportPackages/R2020a/toolbox/target/supportpackages/freedomk64f/src/ksdk_armgcc_lib/bm/libksdk_platform.a(fsl_uart_edma_driver.o)
                0x00006fbc                UART_DRV_EdmaSendData
 .text.UART_DRV_EdmaGetTransmitStatus
                0x00007004       0x58 C:/ProgramData/MATLAB/SupportPackages/R2020a/toolbox/target/supportpackages/freedomk64f/src/ksdk_armgcc_lib/bm/libksdk_platform.a(fsl_uart_edma_driver.o)
                0x00007004                UART_DRV_EdmaGetTransmitStatus
 .text.DMAMUX_HAL_Init
                0x0000705c       0x1e C:/ProgramData/MATLAB/SupportPackages/R2020a/toolbox/target/supportpackages/freedomk64f/src/ksdk_armgcc_lib/bm/libksdk_platform.a(fsl_dmamux_hal.o)
                0x0000705c                DMAMUX_HAL_Init
 *fill*         0x0000707a        0x2 
 .text.GPIO_HAL_SetPinDir
                0x0000707c       0x34 C:/ProgramData/MATLAB/SupportPackages/R2020a/toolbox/target/supportpackages/freedomk64f/src/ksdk_armgcc_lib/bm/libksdk_platform.a(fsl_gpio_hal.o)
                0x0000707c                GPIO_HAL_SetPinDir
 .text.GPIO_HAL_WritePinOutput
                0x000070b0       0x30 C:/ProgramData/MATLAB/SupportPackages/R2020a/toolbox/target/supportpackages/freedomk64f/src/ksdk_armgcc_lib/bm/libksdk_platform.a(fsl_gpio_hal.o)
                0x000070b0                GPIO_HAL_WritePinOutput
 .text.UART_HAL_Init
                0x000070e0       0x2a C:/ProgramData/MATLAB/SupportPackages/R2020a/toolbox/target/supportpackages/freedomk64f/src/ksdk_armgcc_lib/bm/libksdk_platform.a(fsl_uart_hal.o)
                0x000070e0                UART_HAL_Init
 .text.UART_HAL_SetBaudRate
                0x0000710a       0x42 C:/ProgramData/MATLAB/SupportPackages/R2020a/toolbox/target/supportpackages/freedomk64f/src/ksdk_armgcc_lib/bm/libksdk_platform.a(fsl_uart_hal.o)
                0x0000710a                UART_HAL_SetBaudRate
 .text.UART_HAL_SetParityMode
                0x0000714c       0x14 C:/ProgramData/MATLAB/SupportPackages/R2020a/toolbox/target/supportpackages/freedomk64f/src/ksdk_armgcc_lib/bm/libksdk_platform.a(fsl_uart_hal.o)
                0x0000714c                UART_HAL_SetParityMode
 .text.UART_HAL_Putchar
                0x00007160        0x6 C:/ProgramData/MATLAB/SupportPackages/R2020a/toolbox/target/supportpackages/freedomk64f/src/ksdk_armgcc_lib/bm/libksdk_platform.a(fsl_uart_hal.o)
                0x00007160                UART_HAL_Putchar
 .text.UART_HAL_Getchar
                0x00007166        0x8 C:/ProgramData/MATLAB/SupportPackages/R2020a/toolbox/target/supportpackages/freedomk64f/src/ksdk_armgcc_lib/bm/libksdk_platform.a(fsl_uart_hal.o)
                0x00007166                UART_HAL_Getchar
 .text.UART_HAL_SetIntMode
                0x0000716e       0x66 C:/ProgramData/MATLAB/SupportPackages/R2020a/toolbox/target/supportpackages/freedomk64f/src/ksdk_armgcc_lib/bm/libksdk_platform.a(fsl_uart_hal.o)
                0x0000716e                UART_HAL_SetIntMode
 .text.UART_HAL_SetTxDmaCmd
                0x000071d4       0x24 C:/ProgramData/MATLAB/SupportPackages/R2020a/toolbox/target/supportpackages/freedomk64f/src/ksdk_armgcc_lib/bm/libksdk_platform.a(fsl_uart_hal.o)
                0x000071d4                UART_HAL_SetTxDmaCmd
 .text.UART_HAL_SetRxDmaCmd
                0x000071f8       0x16 C:/ProgramData/MATLAB/SupportPackages/R2020a/toolbox/target/supportpackages/freedomk64f/src/ksdk_armgcc_lib/bm/libksdk_platform.a(fsl_uart_hal.o)
                0x000071f8                UART_HAL_SetRxDmaCmd
 .text.UART_HAL_GetStatusFlag
                0x0000720e       0x2a C:/ProgramData/MATLAB/SupportPackages/R2020a/toolbox/target/supportpackages/freedomk64f/src/ksdk_armgcc_lib/bm/libksdk_platform.a(fsl_uart_hal.o)
                0x0000720e                UART_HAL_GetStatusFlag
 .text.UART_HAL_ClearStatusFlag
                0x00007238       0x64 C:/ProgramData/MATLAB/SupportPackages/R2020a/toolbox/target/supportpackages/freedomk64f/src/ksdk_armgcc_lib/bm/libksdk_platform.a(fsl_uart_hal.o)
                0x00007238                UART_HAL_ClearStatusFlag
 .text.abort    0x0000729c       0x10 c:/progra~3/matlab/suppor~1/r2020a/3p778c~1.ins/gnuarm~1.ins/win/bin/../lib/gcc/arm-none-eabi/7.2.1/../../../../arm-none-eabi/lib/thumb/v7e-m/fpv4-sp/hard\libg.a(lib_a-abort.o)
                0x0000729c                abort
 .text.__assert_func
                0x000072ac       0x3c c:/progra~3/matlab/suppor~1/r2020a/3p778c~1.ins/gnuarm~1.ins/win/bin/../lib/gcc/arm-none-eabi/7.2.1/../../../../arm-none-eabi/lib/thumb/v7e-m/fpv4-sp/hard\libg.a(lib_a-assert.o)
                0x000072ac                __assert_func
 .text.atexit   0x000072e8        0xc c:/progra~3/matlab/suppor~1/r2020a/3p778c~1.ins/gnuarm~1.ins/win/bin/../lib/gcc/arm-none-eabi/7.2.1/../../../../arm-none-eabi/lib/thumb/v7e-m/fpv4-sp/hard\libg.a(lib_a-atexit.o)
                0x000072e8                atexit
 .text.__errno  0x000072f4        0xc c:/progra~3/matlab/suppor~1/r2020a/3p778c~1.ins/gnuarm~1.ins/win/bin/../lib/gcc/arm-none-eabi/7.2.1/../../../../arm-none-eabi/lib/thumb/v7e-m/fpv4-sp/hard\libg.a(lib_a-errno.o)
                0x000072f4                __errno
 .text.exit     0x00007300       0x20 c:/progra~3/matlab/suppor~1/r2020a/3p778c~1.ins/gnuarm~1.ins/win/bin/../lib/gcc/arm-none-eabi/7.2.1/../../../../arm-none-eabi/lib/thumb/v7e-m/fpv4-sp/hard\libg.a(lib_a-exit.o)
                0x00007300                exit
 .text.__libc_fini_array
                0x00007320       0x34 c:/progra~3/matlab/suppor~1/r2020a/3p778c~1.ins/gnuarm~1.ins/win/bin/../lib/gcc/arm-none-eabi/7.2.1/../../../../arm-none-eabi/lib/thumb/v7e-m/fpv4-sp/hard\libg.a(lib_a-fini.o)
                0x00007320                __libc_fini_array
 .text.fiprintf
                0x00007354       0x28 c:/progra~3/matlab/suppor~1/r2020a/3p778c~1.ins/gnuarm~1.ins/win/bin/../lib/gcc/arm-none-eabi/7.2.1/../../../../arm-none-eabi/lib/thumb/v7e-m/fpv4-sp/hard\libg.a(lib_a-fiprintf.o)
                0x00007354                fiprintf
 .text.__libc_init_array
                0x0000737c       0x48 c:/progra~3/matlab/suppor~1/r2020a/3p778c~1.ins/gnuarm~1.ins/win/bin/../lib/gcc/arm-none-eabi/7.2.1/../../../../arm-none-eabi/lib/thumb/v7e-m/fpv4-sp/hard\libg.a(lib_a-init.o)
                0x0000737c                __libc_init_array
 .text.malloc   0x000073c4       0x10 c:/progra~3/matlab/suppor~1/r2020a/3p778c~1.ins/gnuarm~1.ins/win/bin/../lib/gcc/arm-none-eabi/7.2.1/../../../../arm-none-eabi/lib/thumb/v7e-m/fpv4-sp/hard\libg.a(lib_a-malloc.o)
                0x000073c4                malloc
 .text.free     0x000073d4       0x10 c:/progra~3/matlab/suppor~1/r2020a/3p778c~1.ins/gnuarm~1.ins/win/bin/../lib/gcc/arm-none-eabi/7.2.1/../../../../arm-none-eabi/lib/thumb/v7e-m/fpv4-sp/hard\libg.a(lib_a-malloc.o)
                0x000073d4                free
 .text._malloc_r
                0x000073e4      0x548 c:/progra~3/matlab/suppor~1/r2020a/3p778c~1.ins/gnuarm~1.ins/win/bin/../lib/gcc/arm-none-eabi/7.2.1/../../../../arm-none-eabi/lib/thumb/v7e-m/fpv4-sp/hard\libg.a(lib_a-mallocr.o)
                0x000073e4                _malloc_r
 .text.memset   0x0000792c       0x94 c:/progra~3/matlab/suppor~1/r2020a/3p778c~1.ins/gnuarm~1.ins/win/bin/../lib/gcc/arm-none-eabi/7.2.1/../../../../arm-none-eabi/lib/thumb/v7e-m/fpv4-sp/hard\libg.a(lib_a-memset.o)
                0x0000792c                memset
 .text.__malloc_lock
                0x000079c0        0xc c:/progra~3/matlab/suppor~1/r2020a/3p778c~1.ins/gnuarm~1.ins/win/bin/../lib/gcc/arm-none-eabi/7.2.1/../../../../arm-none-eabi/lib/thumb/v7e-m/fpv4-sp/hard\libg.a(lib_a-mlock.o)
                0x000079c0                __malloc_lock
 .text.__malloc_unlock
                0x000079cc        0xc c:/progra~3/matlab/suppor~1/r2020a/3p778c~1.ins/gnuarm~1.ins/win/bin/../lib/gcc/arm-none-eabi/7.2.1/../../../../arm-none-eabi/lib/thumb/v7e-m/fpv4-sp/hard\libg.a(lib_a-mlock.o)
                0x000079cc                __malloc_unlock
 .text._sbrk_r  0x000079d8       0x24 c:/progra~3/matlab/suppor~1/r2020a/3p778c~1.ins/gnuarm~1.ins/win/bin/../lib/gcc/arm-none-eabi/7.2.1/../../../../arm-none-eabi/lib/thumb/v7e-m/fpv4-sp/hard\libg.a(lib_a-sbrkr.o)
                0x000079d8                _sbrk_r
 .text._raise_r
                0x000079fc       0x58 c:/progra~3/matlab/suppor~1/r2020a/3p778c~1.ins/gnuarm~1.ins/win/bin/../lib/gcc/arm-none-eabi/7.2.1/../../../../arm-none-eabi/lib/thumb/v7e-m/fpv4-sp/hard\libg.a(lib_a-signal.o)
                0x000079fc                _raise_r
 .text.raise    0x00007a54       0x10 c:/progra~3/matlab/suppor~1/r2020a/3p778c~1.ins/gnuarm~1.ins/win/bin/../lib/gcc/arm-none-eabi/7.2.1/../../../../arm-none-eabi/lib/thumb/v7e-m/fpv4-sp/hard\libg.a(lib_a-signal.o)
                0x00007a54                raise
 .text._kill_r  0x00007a64       0x28 c:/progra~3/matlab/suppor~1/r2020a/3p778c~1.ins/gnuarm~1.ins/win/bin/../lib/gcc/arm-none-eabi/7.2.1/../../../../arm-none-eabi/lib/thumb/v7e-m/fpv4-sp/hard\libg.a(lib_a-signalr.o)
                0x00007a64                _kill_r
 .text._getpid_r
                0x00007a8c        0x4 c:/progra~3/matlab/suppor~1/r2020a/3p778c~1.ins/gnuarm~1.ins/win/bin/../lib/gcc/arm-none-eabi/7.2.1/../../../../arm-none-eabi/lib/thumb/v7e-m/fpv4-sp/hard\libg.a(lib_a-signalr.o)
                0x00007a8c                _getpid_r
 .text.__sprint_r.part.0
                0x00007a90       0x78 c:/progra~3/matlab/suppor~1/r2020a/3p778c~1.ins/gnuarm~1.ins/win/bin/../lib/gcc/arm-none-eabi/7.2.1/../../../../arm-none-eabi/lib/thumb/v7e-m/fpv4-sp/hard\libg.a(lib_a-vfiprintf.o)
 .text._vfiprintf_r
                0x00007b08      0xc24 c:/progra~3/matlab/suppor~1/r2020a/3p778c~1.ins/gnuarm~1.ins/win/bin/../lib/gcc/arm-none-eabi/7.2.1/../../../../arm-none-eabi/lib/thumb/v7e-m/fpv4-sp/hard\libg.a(lib_a-vfiprintf.o)
                0x00007b08                _vfiprintf_r
 .text.__sbprintf
                0x0000872c       0x84 c:/progra~3/matlab/suppor~1/r2020a/3p778c~1.ins/gnuarm~1.ins/win/bin/../lib/gcc/arm-none-eabi/7.2.1/../../../../arm-none-eabi/lib/thumb/v7e-m/fpv4-sp/hard\libg.a(lib_a-vfiprintf.o)
 .text.__swsetup_r
                0x000087b0       0xcc c:/progra~3/matlab/suppor~1/r2020a/3p778c~1.ins/gnuarm~1.ins/win/bin/../lib/gcc/arm-none-eabi/7.2.1/../../../../arm-none-eabi/lib/thumb/v7e-m/fpv4-sp/hard\libg.a(lib_a-wsetup.o)
                0x000087b0                __swsetup_r
 .text.__register_exitproc
                0x0000887c       0xc0 c:/progra~3/matlab/suppor~1/r2020a/3p778c~1.ins/gnuarm~1.ins/win/bin/../lib/gcc/arm-none-eabi/7.2.1/../../../../arm-none-eabi/lib/thumb/v7e-m/fpv4-sp/hard\libg.a(lib_a-__atexit.o)
                0x0000887c                __register_exitproc
 .text.startup.register_fini
                0x0000893c       0x14 c:/progra~3/matlab/suppor~1/r2020a/3p778c~1.ins/gnuarm~1.ins/win/bin/../lib/gcc/arm-none-eabi/7.2.1/../../../../arm-none-eabi/lib/thumb/v7e-m/fpv4-sp/hard\libg.a(lib_a-__call_atexit.o)
 .text.__call_exitprocs
                0x00008950       0xe8 c:/progra~3/matlab/suppor~1/r2020a/3p778c~1.ins/gnuarm~1.ins/win/bin/../lib/gcc/arm-none-eabi/7.2.1/../../../../arm-none-eabi/lib/thumb/v7e-m/fpv4-sp/hard\libg.a(lib_a-__call_atexit.o)
                0x00008950                __call_exitprocs
 .text.__sflush_r
                0x00008a38      0x154 c:/progra~3/matlab/suppor~1/r2020a/3p778c~1.ins/gnuarm~1.ins/win/bin/../lib/gcc/arm-none-eabi/7.2.1/../../../../arm-none-eabi/lib/thumb/v7e-m/fpv4-sp/hard\libg.a(lib_a-fflush.o)
                0x00008a38                __sflush_r
 .text._fflush_r
                0x00008b8c       0x5c c:/progra~3/matlab/suppor~1/r2020a/3p778c~1.ins/gnuarm~1.ins/win/bin/../lib/gcc/arm-none-eabi/7.2.1/../../../../arm-none-eabi/lib/thumb/v7e-m/fpv4-sp/hard\libg.a(lib_a-fflush.o)
                0x00008b8c                _fflush_r
 .text.std      0x00008be8       0x50 c:/progra~3/matlab/suppor~1/r2020a/3p778c~1.ins/gnuarm~1.ins/win/bin/../lib/gcc/arm-none-eabi/7.2.1/../../../../arm-none-eabi/lib/thumb/v7e-m/fpv4-sp/hard\libg.a(lib_a-findfp.o)
 .text._cleanup_r
                0x00008c38        0xc c:/progra~3/matlab/suppor~1/r2020a/3p778c~1.ins/gnuarm~1.ins/win/bin/../lib/gcc/arm-none-eabi/7.2.1/../../../../arm-none-eabi/lib/thumb/v7e-m/fpv4-sp/hard\libg.a(lib_a-findfp.o)
                0x00008c38                _cleanup_r
 .text.__sinit  0x00008c44       0x58 c:/progra~3/matlab/suppor~1/r2020a/3p778c~1.ins/gnuarm~1.ins/win/bin/../lib/gcc/arm-none-eabi/7.2.1/../../../../arm-none-eabi/lib/thumb/v7e-m/fpv4-sp/hard\libg.a(lib_a-findfp.o)
                0x00008c44                __sinit
 .text.__sfp_lock_acquire
                0x00008c9c        0xc c:/progra~3/matlab/suppor~1/r2020a/3p778c~1.ins/gnuarm~1.ins/win/bin/../lib/gcc/arm-none-eabi/7.2.1/../../../../arm-none-eabi/lib/thumb/v7e-m/fpv4-sp/hard\libg.a(lib_a-findfp.o)
                0x00008c9c                __sfp_lock_acquire
 .text.__sfp_lock_release
                0x00008ca8        0xc c:/progra~3/matlab/suppor~1/r2020a/3p778c~1.ins/gnuarm~1.ins/win/bin/../lib/gcc/arm-none-eabi/7.2.1/../../../../arm-none-eabi/lib/thumb/v7e-m/fpv4-sp/hard\libg.a(lib_a-findfp.o)
                0x00008ca8                __sfp_lock_release
 .text.__fputwc
                0x00008cb4       0xa0 c:/progra~3/matlab/suppor~1/r2020a/3p778c~1.ins/gnuarm~1.ins/win/bin/../lib/gcc/arm-none-eabi/7.2.1/../../../../arm-none-eabi/lib/thumb/v7e-m/fpv4-sp/hard\libg.a(lib_a-fputwc.o)
                0x00008cb4                __fputwc
 .text._fputwc_r
                0x00008d54       0x64 c:/progra~3/matlab/suppor~1/r2020a/3p778c~1.ins/gnuarm~1.ins/win/bin/../lib/gcc/arm-none-eabi/7.2.1/../../../../arm-none-eabi/lib/thumb/v7e-m/fpv4-sp/hard\libg.a(lib_a-fputwc.o)
                0x00008d54                _fputwc_r
 .text._malloc_trim_r
                0x00008db8       0xa0 c:/progra~3/matlab/suppor~1/r2020a/3p778c~1.ins/gnuarm~1.ins/win/bin/../lib/gcc/arm-none-eabi/7.2.1/../../../../arm-none-eabi/lib/thumb/v7e-m/fpv4-sp/hard\libg.a(lib_a-freer.o)
                0x00008db8                _malloc_trim_r
 .text._free_r  0x00008e58      0x1e8 c:/progra~3/matlab/suppor~1/r2020a/3p778c~1.ins/gnuarm~1.ins/win/bin/../lib/gcc/arm-none-eabi/7.2.1/../../../../arm-none-eabi/lib/thumb/v7e-m/fpv4-sp/hard\libg.a(lib_a-freer.o)
                0x00008e58                _free_r
 .text.__sfvwrite_r
                0x00009040      0x2fc c:/progra~3/matlab/suppor~1/r2020a/3p778c~1.ins/gnuarm~1.ins/win/bin/../lib/gcc/arm-none-eabi/7.2.1/../../../../arm-none-eabi/lib/thumb/v7e-m/fpv4-sp/hard\libg.a(lib_a-fvwrite.o)
                0x00009040                __sfvwrite_r
 .text._fwalk_reent
                0x0000933c       0x54 c:/progra~3/matlab/suppor~1/r2020a/3p778c~1.ins/gnuarm~1.ins/win/bin/../lib/gcc/arm-none-eabi/7.2.1/../../../../arm-none-eabi/lib/thumb/v7e-m/fpv4-sp/hard\libg.a(lib_a-fwalk.o)
                0x0000933c                _fwalk_reent
 .text.__locale_mb_cur_max
                0x00009390       0x1c c:/progra~3/matlab/suppor~1/r2020a/3p778c~1.ins/gnuarm~1.ins/win/bin/../lib/gcc/arm-none-eabi/7.2.1/../../../../arm-none-eabi/lib/thumb/v7e-m/fpv4-sp/hard\libg.a(lib_a-locale.o)
                0x00009390                __locale_mb_cur_max
 .text.__retarget_lock_init_recursive
                0x000093ac        0x4 c:/progra~3/matlab/suppor~1/r2020a/3p778c~1.ins/gnuarm~1.ins/win/bin/../lib/gcc/arm-none-eabi/7.2.1/../../../../arm-none-eabi/lib/thumb/v7e-m/fpv4-sp/hard\libg.a(lib_a-lock.o)
                0x000093ac                __retarget_lock_init_recursive
 .text.__retarget_lock_close_recursive
                0x000093b0        0x4 c:/progra~3/matlab/suppor~1/r2020a/3p778c~1.ins/gnuarm~1.ins/win/bin/../lib/gcc/arm-none-eabi/7.2.1/../../../../arm-none-eabi/lib/thumb/v7e-m/fpv4-sp/hard\libg.a(lib_a-lock.o)
                0x000093b0                __retarget_lock_close_recursive
 .text.__retarget_lock_acquire_recursive
                0x000093b4        0x4 c:/progra~3/matlab/suppor~1/r2020a/3p778c~1.ins/gnuarm~1.ins/win/bin/../lib/gcc/arm-none-eabi/7.2.1/../../../../arm-none-eabi/lib/thumb/v7e-m/fpv4-sp/hard\libg.a(lib_a-lock.o)
                0x000093b4                __retarget_lock_acquire_recursive
 .text.__retarget_lock_release_recursive
                0x000093b8        0x4 c:/progra~3/matlab/suppor~1/r2020a/3p778c~1.ins/gnuarm~1.ins/win/bin/../lib/gcc/arm-none-eabi/7.2.1/../../../../arm-none-eabi/lib/thumb/v7e-m/fpv4-sp/hard\libg.a(lib_a-lock.o)
                0x000093b8                __retarget_lock_release_recursive
 .text.__swhatbuf_r
                0x000093bc       0x5c c:/progra~3/matlab/suppor~1/r2020a/3p778c~1.ins/gnuarm~1.ins/win/bin/../lib/gcc/arm-none-eabi/7.2.1/../../../../arm-none-eabi/lib/thumb/v7e-m/fpv4-sp/hard\libg.a(lib_a-makebuf.o)
                0x000093bc                __swhatbuf_r
 .text.__smakebuf_r
                0x00009418       0x94 c:/progra~3/matlab/suppor~1/r2020a/3p778c~1.ins/gnuarm~1.ins/win/bin/../lib/gcc/arm-none-eabi/7.2.1/../../../../arm-none-eabi/lib/thumb/v7e-m/fpv4-sp/hard\libg.a(lib_a-makebuf.o)
                0x00009418                __smakebuf_r
 .text.__ascii_mbtowc
                0x000094ac       0x2c c:/progra~3/matlab/suppor~1/r2020a/3p778c~1.ins/gnuarm~1.ins/win/bin/../lib/gcc/arm-none-eabi/7.2.1/../../../../arm-none-eabi/lib/thumb/v7e-m/fpv4-sp/hard\libg.a(lib_a-mbtowc_r.o)
                0x000094ac                __ascii_mbtowc
 .text.memmove  0x000094d8       0xc8 c:/progra~3/matlab/suppor~1/r2020a/3p778c~1.ins/gnuarm~1.ins/win/bin/../lib/gcc/arm-none-eabi/7.2.1/../../../../arm-none-eabi/lib/thumb/v7e-m/fpv4-sp/hard\libg.a(lib_a-memmove.o)
                0x000094d8                memmove
 .text._realloc_r
                0x000095a0      0x35c c:/progra~3/matlab/suppor~1/r2020a/3p778c~1.ins/gnuarm~1.ins/win/bin/../lib/gcc/arm-none-eabi/7.2.1/../../../../arm-none-eabi/lib/thumb/v7e-m/fpv4-sp/hard\libg.a(lib_a-reallocr.o)
                0x000095a0                _realloc_r
 .text.__sread  0x000098fc       0x24 c:/progra~3/matlab/suppor~1/r2020a/3p778c~1.ins/gnuarm~1.ins/win/bin/../lib/gcc/arm-none-eabi/7.2.1/../../../../arm-none-eabi/lib/thumb/v7e-m/fpv4-sp/hard\libg.a(lib_a-stdio.o)
                0x000098fc                __sread
 .text.__swrite
                0x00009920       0x3c c:/progra~3/matlab/suppor~1/r2020a/3p778c~1.ins/gnuarm~1.ins/win/bin/../lib/gcc/arm-none-eabi/7.2.1/../../../../arm-none-eabi/lib/thumb/v7e-m/fpv4-sp/hard\libg.a(lib_a-stdio.o)
                0x00009920                __swrite
 .text.__sseek  0x0000995c       0x20 c:/progra~3/matlab/suppor~1/r2020a/3p778c~1.ins/gnuarm~1.ins/win/bin/../lib/gcc/arm-none-eabi/7.2.1/../../../../arm-none-eabi/lib/thumb/v7e-m/fpv4-sp/hard\libg.a(lib_a-stdio.o)
                0x0000995c                __sseek
 .text.__sclose
                0x0000997c        0x8 c:/progra~3/matlab/suppor~1/r2020a/3p778c~1.ins/gnuarm~1.ins/win/bin/../lib/gcc/arm-none-eabi/7.2.1/../../../../arm-none-eabi/lib/thumb/v7e-m/fpv4-sp/hard\libg.a(lib_a-stdio.o)
                0x0000997c                __sclose
 .text.__swbuf_r
                0x00009984       0xb0 c:/progra~3/matlab/suppor~1/r2020a/3p778c~1.ins/gnuarm~1.ins/win/bin/../lib/gcc/arm-none-eabi/7.2.1/../../../../arm-none-eabi/lib/thumb/v7e-m/fpv4-sp/hard\libg.a(lib_a-wbuf.o)
                0x00009984                __swbuf_r
 .text._wcrtomb_r
                0x00009a34       0x50 c:/progra~3/matlab/suppor~1/r2020a/3p778c~1.ins/gnuarm~1.ins/win/bin/../lib/gcc/arm-none-eabi/7.2.1/../../../../arm-none-eabi/lib/thumb/v7e-m/fpv4-sp/hard\libg.a(lib_a-wcrtomb.o)
                0x00009a34                _wcrtomb_r
 .text.__ascii_wctomb
                0x00009a84       0x1c c:/progra~3/matlab/suppor~1/r2020a/3p778c~1.ins/gnuarm~1.ins/win/bin/../lib/gcc/arm-none-eabi/7.2.1/../../../../arm-none-eabi/lib/thumb/v7e-m/fpv4-sp/hard\libg.a(lib_a-wctomb_r.o)
                0x00009a84                __ascii_wctomb
 .text._write_r
                0x00009aa0       0x2c c:/progra~3/matlab/suppor~1/r2020a/3p778c~1.ins/gnuarm~1.ins/win/bin/../lib/gcc/arm-none-eabi/7.2.1/../../../../arm-none-eabi/lib/thumb/v7e-m/fpv4-sp/hard\libg.a(lib_a-writer.o)
                0x00009aa0                _write_r
 .text._close_r
                0x00009acc       0x24 c:/progra~3/matlab/suppor~1/r2020a/3p778c~1.ins/gnuarm~1.ins/win/bin/../lib/gcc/arm-none-eabi/7.2.1/../../../../arm-none-eabi/lib/thumb/v7e-m/fpv4-sp/hard\libg.a(lib_a-closer.o)
                0x00009acc                _close_r
 .text._fclose_r
                0x00009af0       0xd0 c:/progra~3/matlab/suppor~1/r2020a/3p778c~1.ins/gnuarm~1.ins/win/bin/../lib/gcc/arm-none-eabi/7.2.1/../../../../arm-none-eabi/lib/thumb/v7e-m/fpv4-sp/hard\libg.a(lib_a-fclose.o)
                0x00009af0                _fclose_r
 .text._fstat_r
                0x00009bc0       0x28 c:/progra~3/matlab/suppor~1/r2020a/3p778c~1.ins/gnuarm~1.ins/win/bin/../lib/gcc/arm-none-eabi/7.2.1/../../../../arm-none-eabi/lib/thumb/v7e-m/fpv4-sp/hard\libg.a(lib_a-fstatr.o)
                0x00009bc0                _fstat_r
 .text._isatty_r
                0x00009be8       0x24 c:/progra~3/matlab/suppor~1/r2020a/3p778c~1.ins/gnuarm~1.ins/win/bin/../lib/gcc/arm-none-eabi/7.2.1/../../../../arm-none-eabi/lib/thumb/v7e-m/fpv4-sp/hard\libg.a(lib_a-isattyr.o)
                0x00009be8                _isatty_r
 .text._lseek_r
                0x00009c0c       0x2c c:/progra~3/matlab/suppor~1/r2020a/3p778c~1.ins/gnuarm~1.ins/win/bin/../lib/gcc/arm-none-eabi/7.2.1/../../../../arm-none-eabi/lib/thumb/v7e-m/fpv4-sp/hard\libg.a(lib_a-lseekr.o)
                0x00009c0c                _lseek_r
 .text._read_r  0x00009c38       0x2c c:/progra~3/matlab/suppor~1/r2020a/3p778c~1.ins/gnuarm~1.ins/win/bin/../lib/gcc/arm-none-eabi/7.2.1/../../../../arm-none-eabi/lib/thumb/v7e-m/fpv4-sp/hard\libg.a(lib_a-readr.o)
                0x00009c38                _read_r
 .text._close   0x00009c64       0x10 c:/progra~3/matlab/suppor~1/r2020a/3p778c~1.ins/gnuarm~1.ins/win/bin/../lib/gcc/arm-none-eabi/7.2.1/../../../../arm-none-eabi/lib/thumb/v7e-m/fpv4-sp/hard\libnosys.a(close.o)
                0x00009c64                _close
 .text._fstat   0x00009c74       0x10 c:/progra~3/matlab/suppor~1/r2020a/3p778c~1.ins/gnuarm~1.ins/win/bin/../lib/gcc/arm-none-eabi/7.2.1/../../../../arm-none-eabi/lib/thumb/v7e-m/fpv4-sp/hard\libnosys.a(fstat.o)
                0x00009c74                _fstat
 .text._getpid  0x00009c84       0x10 c:/progra~3/matlab/suppor~1/r2020a/3p778c~1.ins/gnuarm~1.ins/win/bin/../lib/gcc/arm-none-eabi/7.2.1/../../../../arm-none-eabi/lib/thumb/v7e-m/fpv4-sp/hard\libnosys.a(getpid.o)
                0x00009c84                _getpid
 .text._isatty  0x00009c94       0x10 c:/progra~3/matlab/suppor~1/r2020a/3p778c~1.ins/gnuarm~1.ins/win/bin/../lib/gcc/arm-none-eabi/7.2.1/../../../../arm-none-eabi/lib/thumb/v7e-m/fpv4-sp/hard\libnosys.a(isatty.o)
                0x00009c94                _isatty
 .text._kill    0x00009ca4       0x10 c:/progra~3/matlab/suppor~1/r2020a/3p778c~1.ins/gnuarm~1.ins/win/bin/../lib/gcc/arm-none-eabi/7.2.1/../../../../arm-none-eabi/lib/thumb/v7e-m/fpv4-sp/hard\libnosys.a(kill.o)
                0x00009ca4                _kill
 .text._lseek   0x00009cb4       0x10 c:/progra~3/matlab/suppor~1/r2020a/3p778c~1.ins/gnuarm~1.ins/win/bin/../lib/gcc/arm-none-eabi/7.2.1/../../../../arm-none-eabi/lib/thumb/v7e-m/fpv4-sp/hard\libnosys.a(lseek.o)
                0x00009cb4                _lseek
 .text._read    0x00009cc4       0x10 c:/progra~3/matlab/suppor~1/r2020a/3p778c~1.ins/gnuarm~1.ins/win/bin/../lib/gcc/arm-none-eabi/7.2.1/../../../../arm-none-eabi/lib/thumb/v7e-m/fpv4-sp/hard\libnosys.a(read.o)
                0x00009cc4                _read
 .text._write   0x00009cd4       0x10 c:/progra~3/matlab/suppor~1/r2020a/3p778c~1.ins/gnuarm~1.ins/win/bin/../lib/gcc/arm-none-eabi/7.2.1/../../../../arm-none-eabi/lib/thumb/v7e-m/fpv4-sp/hard\libnosys.a(write.o)
                0x00009cd4                _write
 .text._exit    0x00009ce4        0x4 c:/progra~3/matlab/suppor~1/r2020a/3p778c~1.ins/gnuarm~1.ins/win/bin/../lib/gcc/arm-none-eabi/7.2.1/../../../../arm-none-eabi/lib/thumb/v7e-m/fpv4-sp/hard\libnosys.a(_exit.o)
                0x00009ce4                _exit
 *(.rodata)
 .rodata        0x00009ce8       0xe9 MW_SCI.o
 *fill*         0x00009dd1        0x3 
 .rodata        0x00009dd4       0x50 board.o
 .rodata        0x00009e24       0x44 pin_mux.o
 *(.rodata*)
 .rodata.__func__.11044
                0x00009e68       0x21 MW_SCI.o
 *fill*         0x00009e89        0x3 
 .rodata.__func__.9812
                0x00009e8c       0x19 MW_SCI.o
 *fill*         0x00009ea5        0x3 
 .rodata.__func__.9865
                0x00009ea8       0x17 MW_SCI.o
 *fill*         0x00009ebf        0x1 
 .rodata.__func__.11055
                0x00009ec0       0x24 MW_SCI.o
 .rodata.os_maxtaskrun
                0x00009ee4        0x2 RTX_Conf_CM.o
                0x00009ee4                os_maxtaskrun
 *fill*         0x00009ee6        0x2 
 .rodata.os_stackinfo
                0x00009ee8        0x4 RTX_Conf_CM.o
                0x00009ee8                os_stackinfo
 .rodata.os_trv
                0x00009eec        0x4 RTX_Conf_CM.o
                0x00009eec                os_trv
 .rodata.os_flags
                0x00009ef0        0x1 RTX_Conf_CM.o
                0x00009ef0                os_flags
 *fill*         0x00009ef1        0x3 
 .rodata.os_clockrate
                0x00009ef4        0x4 RTX_Conf_CM.o
                0x00009ef4                os_clockrate
 .rodata.mp_tcb_size
                0x00009ef8        0x2 RTX_Conf_CM.o
                0x00009ef8                mp_tcb_size
 *fill*         0x00009efa        0x2 
 .rodata.mp_stk_size
                0x00009efc        0x4 RTX_Conf_CM.o
                0x00009efc                mp_stk_size
 .rodata.os_stack_sz
                0x00009f00        0x4 RTX_Conf_CM.o
                0x00009f00                os_stack_sz
 .rodata.os_fifo_size
                0x00009f04        0x1 RTX_Conf_CM.o
                0x00009f04                os_fifo_size
 *fill*         0x00009f05        0x3 
 .rodata.os_thread_def_osTimerThread
                0x00009f08       0x10 RTX_Conf_CM.o
                0x00009f08                os_thread_def_osTimerThread
 .rodata.os_messageQ_def_osTimerMessageQ
                0x00009f18        0x8 RTX_Conf_CM.o
                0x00009f18                os_messageQ_def_osTimerMessageQ
 .rodata.mp_tmr_size
                0x00009f20        0x2 RTX_Conf_CM.o
                0x00009f20                mp_tmr_size
 *fill*         0x00009f22        0x2 
 .rodata.os_thread_def_main
                0x00009f24       0x10 RTX_Conf_CM.o
                0x00009f24                os_thread_def_main
 .rodata.g_defaultClockConfigRun
                0x00009f34       0x16 board.o
                0x00009f34                g_defaultClockConfigRun
 *fill*         0x00009f4a        0x2 
 .rodata.__func__.7439
                0x00009f4c       0x14 board.o
 .rodata.pacemaker_M
                0x00009f60        0x4 pacemaker.o
                0x00009f60                pacemaker_M
 .rodata.__func__.7433
                0x00009f64       0x14 pin_mux.o
 .rodata.OSA_SemaCreate.str1.1